Looking in indexes: https://pypi.org/simple, https://download.pytorch.org/whl/cpu
Collecting torch==2.11.0 (from -r C:\Users\USER\Desktop\code\MINTS\requirements.txt (line 2))
  Downloading https://download-r2.pytorch.org/whl/cpu/torch-2.11.0%2Bcpu-cp314-cp314-win_amd64.whl.metadata (29 kB)
Collecting transformers==5.5.3 (from -r C:\Users\USER\Desktop\code\MINTS\requirements.txt (line 3))
  Downloading transformers-5.5.3-py3-none-any.whl.metadata (32 kB)
Collecting datasets==4.8.4 (from -r C:\Users\USER\Desktop\code\MINTS\requirements.txt (line 4))
  Downloading datasets-4.8.4-py3-none-any.whl.metadata (19 kB)
Collecting scikit-learn==1.8.0 (from -r C:\Users\USER\Desktop\code\MINTS\requirements.txt (line 5))
  Downloading scikit_learn-1.8.0-cp314-cp314-win_amd64.whl.metadata (11 kB)
Collecting pandas==3.0.2 (from -r C:\Users\USER\Desktop\code\MINTS\requirements.txt (line 6))
  Downloading pandas-3.0.2-cp314-cp314-win_amd64.whl.metadata (19 kB)
Collecting numpy==2.4.4 (from -r C:\Users\USER\Desktop\code\MINTS\requirements.txt (line 7))
  Downloading numpy-2.4.4-cp314-cp314-win_amd64.whl.metadata (6.6 kB)
Collecting scipy==1.17.1 (from -r C:\Users\USER\Desktop\code\MINTS\requirements.txt (line 8))
  Downloading scipy-1.17.1-cp314-cp314-win_amd64.whl.metadata (60 kB)
Collecting matplotlib==3.10.8 (from -r C:\Users\USER\Desktop\code\MINTS\requirements.txt (line 9))
  Downloading matplotlib-3.10.8-cp314-cp314-win_amd64.whl.metadata (52 kB)
Collecting seaborn==0.13.2 (from -r C:\Users\USER\Desktop\code\MINTS\requirements.txt (line 10))
  Downloading seaborn-0.13.2-py3-none-any.whl.metadata (5.4 kB)
Collecting tqdm==4.67.3 (from -r C:\Users\USER\Desktop\code\MINTS\requirements.txt (line 11))
  Downloading tqdm-4.67.3-py3-none-any.whl.metadata (57 kB)
Collecting requests==2.33.1 (from -r C:\Users\USER\Desktop\code\MINTS\requirements.txt (line 12))
  Downloading requests-2.33.1-py3-none-any.whl.metadata (4.8 kB)
Collecting biopython==1.87 (from -r C:\Users\USER\Desktop\code\MINTS\requirements.txt (line 13))
  Downloading biopython-1.87-cp314-cp314-win_amd64.whl.metadata (13 kB)
Collecting pyfaidx==0.9.0.4 (from -r C:\Users\USER\Desktop\code\MINTS\requirements.txt (line 14))
  Downloading pyfaidx-0.9.0.4-py3-none-any.whl.metadata (25 kB)
Collecting pytest==9.0.3 (from -r C:\Users\USER\Desktop\code\MINTS\requirements.txt (line 15))
  Downloading pytest-9.0.3-py3-none-any.whl.metadata (7.6 kB)
Collecting accelerate==1.13.0 (from -r C:\Users\USER\Desktop\code\MINTS\requirements.txt (line 16))
  Downloading accelerate-1.13.0-py3-none-any.whl.metadata (19 kB)
Collecting einops==0.8.2 (from -r C:\Users\USER\Desktop\code\MINTS\requirements.txt (line 17))
  Downloading einops-0.8.2-py3-none-any.whl.metadata (13 kB)
Collecting threadpoolctl==3.6.0 (from -r C:\Users\USER\Desktop\code\MINTS\requirements.txt (line 18))
  Downloading threadpoolctl-3.6.0-py3-none-any.whl.metadata (13 kB)
Collecting filelock (from torch==2.11.0->-r C:\Users\USER\Desktop\code\MINTS\requirements.txt (line 2))
  Downloading filelock-4.0.11-py3-none-any.whl.metadata (2.0 kB)
Collecting typing-extensions>=4.10.0 (from torch==2.11.0->-r C:\Users\USER\Desktop\code\MINTS\requirements.txt (line 2))
  Downloading typing_extensions-4.16.0-py3-none-any.whl.metadata (3.3 kB)
Collecting setuptools<82 (from torch==2.11.0->-r C:\Users\USER\Desktop\code\MINTS\requirements.txt (line 2))
  Downloading setuptools-81.0.0-py3-none-any.whl.metadata (6.6 kB)
Collecting sympy>=1.13.3 (from torch==2.11.0->-r C:\Users\USER\Desktop\code\MINTS\requirements.txt (line 2))
  Downloading sympy-1.14.0-py3-none-any.whl.metadata (12 kB)
Collecting networkx>=2.5.1 (from torch==2.11.0->-r C:\Users\USER\Desktop\code\MINTS\requirements.txt (line 2))
  Downloading networkx-3.7-py3-none-any.whl.metadata (6.7 kB)
Collecting jinja2 (from torch==2.11.0->-r C:\Users\USER\Desktop\code\MINTS\requirements.txt (line 2))
  Downloading https://download.pytorch.org/whl/jinja2-3.1.6-py3-none-any.whl.metadata (2.9 kB)
Collecting fsspec>=0.8.5 (from torch==2.11.0->-r C:\Users\USER\Desktop\code\MINTS\requirements.txt (line 2))
  Downloading fsspec-2026.9.0-py3-none-any.whl.metadata (10 kB)
Collecting huggingface-hub<2.0,>=1.5.0 (from transformers==5.5.3->-r C:\Users\USER\Desktop\code\MINTS\requirements.txt (line 3))
  Downloading huggingface_hub-1.33.0-py3-none-any.whl.metadata (16 kB)
Collecting packaging>=20.0 (from transformers==5.5.3->-r C:\Users\USER\Desktop\code\MINTS\requirements.txt (line 3))
  Downloading packaging-26.3-py3-none-any.whl.metadata (3.5 kB)
Collecting pyyaml>=5.1 (from transformers==5.5.3->-r C:\Users\USER\Desktop\code\MINTS\requirements.txt (line 3))
  Downloading pyyaml-6.0.3-cp314-cp314-win_amd64.whl.metadata (2.4 kB)
Collecting regex>=2025.10.22 (from transformers==5.5.3->-r C:\Users\USER\Desktop\code\MINTS\requirements.txt (line 3))
  Downloading regex-2026.9.29-cp314-cp314-win_amd64.whl.metadata (41 kB)
Collecting tokenizers<=0.23.0,>=0.22.0 (from transformers==5.5.3->-r C:\Users\USER\Desktop\code\MINTS\requirements.txt (line 3))
  Downloading tokenizers-0.22.2-cp39-abi3-win_amd64.whl.metadata (7.4 kB)
Collecting typer (from transformers==5.5.3->-r C:\Users\USER\Desktop\code\MINTS\requirements.txt (line 3))
  Downloading typer-0.27.2-py3-none-any.whl.metadata (16 kB)
Collecting safetensors>=0.4.3 (from transformers==5.5.3->-r C:\Users\USER\Desktop\code\MINTS\requirements.txt (line 3))
  Downloading safetensors-0.8.0-cp310-abi3-win_amd64.whl.metadata (4.2 kB)
Collecting pyarrow>=21.0.0 (from datasets==4.8.4->-r C:\Users\USER\Desktop\code\MINTS\requirements.txt (line 4))
  Downloading pyarrow-25.0.1-cp314-cp314-win_amd64.whl.metadata (3.0 kB)
Collecting dill<0.4.2,>=0.3.0 (from datasets==4.8.4->-r C:\Users\USER\Desktop\code\MINTS\requirements.txt (line 4))
  Downloading dill-0.4.1-py3-none-any.whl.metadata (10 kB)
Collecting httpx<1.0.0 (from datasets==4.8.4->-r C:\Users\USER\Desktop\code\MINTS\requirements.txt (line 4))
  Downloading httpx-0.28.1-py3-none-any.whl.metadata (7.1 kB)
Collecting xxhash (from datasets==4.8.4->-r C:\Users\USER\Desktop\code\MINTS\requirements.txt (line 4))
  Downloading xxhash-4.0.1-cp314-cp314-win_amd64.whl.metadata (18 kB)
Collecting multiprocess<0.70.20 (from datasets==4.8.4->-r C:\Users\USER\Desktop\code\MINTS\requirements.txt (line 4))
  Downloading multiprocess-0.70.19-py314-none-any.whl.metadata (7.2 kB)
Collecting fsspec>=0.8.5 (from torch==2.11.0->-r C:\Users\USER\Desktop\code\MINTS\requirements.txt (line 2))
  Downloading fsspec-2026.2.0-py3-none-any.whl.metadata (10 kB)
Collecting joblib>=1.3.0 (from scikit-learn==1.8.0->-r C:\Users\USER\Desktop\code\MINTS\requirements.txt (line 5))
  Downloading joblib-1.6.0-py3-none-any.whl.metadata (6.5 kB)
Collecting python-dateutil>=2.8.2 (from pandas==3.0.2->-r C:\Users\USER\Desktop\code\MINTS\requirements.txt (line 6))
  Downloading python_dateutil-2.9.0.post0-py2.py3-none-any.whl.metadata (8.4 kB)
Collecting tzdata (from pandas==3.0.2->-r C:\Users\USER\Desktop\code\MINTS\requirements.txt (line 6))
  Downloading tzdata-2026.5-py2.py3-none-any.whl.metadata (1.4 kB)
Collecting contourpy>=1.0.1 (from matplotlib==3.10.8->-r C:\Users\USER\Desktop\code\MINTS\requirements.txt (line 9))
  Downloading contourpy-1.4.0-cp314-cp314-win_amd64.whl.metadata (3.8 kB)
Collecting cycler>=0.10 (from matplotlib==3.10.8->-r C:\Users\USER\Desktop\code\MINTS\requirements.txt (line 9))
  Downloading cycler-0.12.1-py3-none-any.whl.metadata (3.8 kB)
Collecting fonttools>=4.22.0 (from matplotlib==3.10.8->-r C:\Users\USER\Desktop\code\MINTS\requirements.txt (line 9))
  Downloading fonttools-4.66.1-cp314-cp314-win_amd64.whl.metadata (132 kB)
Collecting kiwisolver>=1.3.1 (from matplotlib==3.10.8->-r C:\Users\USER\Desktop\code\MINTS\requirements.txt (line 9))
  Downloading kiwisolver-1.5.1-cp314-cp314-win_amd64.whl.metadata (5.2 kB)
Collecting pillow>=8 (from matplotlib==3.10.8->-r C:\Users\USER\Desktop\code\MINTS\requirements.txt (line 9))
  Downloading pillow-12.3.0-cp314-cp314-win_amd64.whl.metadata (9.3 kB)
Collecting pyparsing>=3 (from matplotlib==3.10.8->-r C:\Users\USER\Desktop\code\MINTS\requirements.txt (line 9))
  Downloading pyparsing-3.3.3-py3-none-any.whl.metadata (5.9 kB)
Collecting colorama (from tqdm==4.67.3->-r C:\Users\USER\Desktop\code\MINTS\requirements.txt (line 11))
  Downloading https://download.pytorch.org/whl/colorama-0.4.6-py2.py3-none-any.whl (25 kB)
Collecting charset_normalizer<4,>=2 (from requests==2.33.1->-r C:\Users\USER\Desktop\code\MINTS\requirements.txt (line 12))
  Downloading charset_normalizer-3.5.2-cp314-cp314-win_amd64.whl.metadata (47 kB)
Collecting idna<4,>=2.5 (from requests==2.33.1->-r C:\Users\USER\Desktop\code\MINTS\requirements.txt (line 12))
  Downloading idna-3.20-py3-none-any.whl.metadata (7.2 kB)
Collecting urllib3<3,>=1.26 (from requests==2.33.1->-r C:\Users\USER\Desktop\code\MINTS\requirements.txt (line 12))
  Downloading urllib3-2.8.0-py3-none-any.whl.metadata (7.4 kB)
Collecting certifi>=2023.5.7 (from requests==2.33.1->-r C:\Users\USER\Desktop\code\MINTS\requirements.txt (line 12))
  Downloading certifi-2026.7.22-py3-none-any.whl.metadata (2.5 kB)
Collecting iniconfig>=1.0.1 (from pytest==9.0.3->-r C:\Users\USER\Desktop\code\MINTS\requirements.txt (line 15))
  Downloading iniconfig-2.3.0-py3-none-any.whl.metadata (2.5 kB)
Collecting pluggy<2,>=1.5 (from pytest==9.0.3->-r C:\Users\USER\Desktop\code\MINTS\requirements.txt (line 15))
  Downloading pluggy-1.6.0-py3-none-any.whl.metadata (4.8 kB)
Collecting pygments>=2.7.2 (from pytest==9.0.3->-r C:\Users\USER\Desktop\code\MINTS\requirements.txt (line 15))
  Downloading pygments-2.21.0-py3-none-any.whl.metadata (2.5 kB)
Collecting psutil (from accelerate==1.13.0->-r C:\Users\USER\Desktop\code\MINTS\requirements.txt (line 16))
  Downloading psutil-7.2.2-cp37-abi3-win_amd64.whl.metadata (22 kB)
Collecting aiohttp!=4.0.0a0,!=4.0.0a1 (from fsspec[http]<=2026.2.0,>=2023.1.0->datasets==4.8.4->-r C:\Users\USER\Desktop\code\MINTS\requirements.txt (line 4))
  Downloading aiohttp-3.14.3-cp314-cp314-win_amd64.whl.metadata (8.5 kB)
Collecting anyio (from httpx<1.0.0->datasets==4.8.4->-r C:\Users\USER\Desktop\code\MINTS\requirements.txt (line 4))
  Downloading anyio-4.15.1-py3-none-any.whl.metadata (4.7 kB)
Collecting httpcore==1.* (from httpx<1.0.0->datasets==4.8.4->-r C:\Users\USER\Desktop\code\MINTS\requirements.txt (line 4))
  Downloading httpcore-1.0.9-py3-none-any.whl.metadata (21 kB)
Collecting h11>=0.16 (from httpcore==1.*->httpx<1.0.0->datasets==4.8.4->-r C:\Users\USER\Desktop\code\MINTS\requirements.txt (line 4))
  Downloading h11-0.16.0-py3-none-any.whl.metadata (8.3 kB)
Collecting click<9.0.0,>=8.4.2 (from huggingface-hub<2.0,>=1.5.0->transformers==5.5.3->-r C:\Users\USER\Desktop\code\MINTS\requirements.txt (line 3))
  Downloading click-8.5.0-py3-none-any.whl.metadata (2.6 kB)
Collecting hf-xet<2.0.0,>=1.6.0 (from huggingface-hub<2.0,>=1.5.0->transformers==5.5.3->-r C:\Users\USER\Desktop\code\MINTS\requirements.txt (line 3))
  Downloading hf_xet-1.6.0-cp38-abi3-win_amd64.whl.metadata (4.9 kB)
Collecting aiohappyeyeballs>=2.5.0 (from aiohttp!=4.0.0a0,!=4.0.0a1->fsspec[http]<=2026.2.0,>=2023.1.0->datasets==4.8.4->-r C:\Users\USER\Desktop\code\MINTS\requirements.txt (line 4))
  Downloading aiohappyeyeballs-2.7.1-py3-none-any.whl.metadata (5.9 kB)
Collecting aiosignal>=1.4.0 (from aiohttp!=4.0.0a0,!=4.0.0a1->fsspec[http]<=2026.2.0,>=2023.1.0->datasets==4.8.4->-r C:\Users\USER\Desktop\code\MINTS\requirements.txt (line 4))
  Downloading aiosignal-1.4.0-py3-none-any.whl.metadata (3.7 kB)
Collecting attrs>=17.3.0 (from aiohttp!=4.0.0a0,!=4.0.0a1->fsspec[http]<=2026.2.0,>=2023.1.0->datasets==4.8.4->-r C:\Users\USER\Desktop\code\MINTS\requirements.txt (line 4))
  Downloading attrs-26.1.0-py3-none-any.whl.metadata (8.8 kB)
Collecting frozenlist>=1.1.1 (from aiohttp!=4.0.0a0,!=4.0.0a1->fsspec[http]<=2026.2.0,>=2023.1.0->datasets==4.8.4->-r C:\Users\USER\Desktop\code\MINTS\requirements.txt (line 4))
  Downloading frozenlist-1.8.0-cp314-cp314-win_amd64.whl.metadata (21 kB)
Collecting multidict<7.0,>=4.5 (from aiohttp!=4.0.0a0,!=4.0.0a1->fsspec[http]<=2026.2.0,>=2023.1.0->datasets==4.8.4->-r C:\Users\USER\Desktop\code\MINTS\requirements.txt (line 4))
  Downloading multidict-6.9.1-cp314-cp314-win_amd64.whl.metadata (5.4 kB)
Collecting propcache>=0.2.0 (from aiohttp!=4.0.0a0,!=4.0.0a1->fsspec[http]<=2026.2.0,>=2023.1.0->datasets==4.8.4->-r C:\Users\USER\Desktop\code\MINTS\requirements.txt (line 4))
  Downloading propcache-0.5.4-cp314-cp314-win_amd64.whl.metadata (25 kB)
Collecting yarl<2.0,>=1.17.0 (from aiohttp!=4.0.0a0,!=4.0.0a1->fsspec[http]<=2026.2.0,>=2023.1.0->datasets==4.8.4->-r C:\Users\USER\Desktop\code\MINTS\requirements.txt (line 4))
  Downloading yarl-1.25.1-cp314-cp314-win_amd64.whl.metadata (115 kB)
Collecting cloudpickle>=3.0 (from joblib>=1.3.0->scikit-learn==1.8.0->-r C:\Users\USER\Desktop\code\MINTS\requirements.txt (line 5))
  Downloading cloudpickle-3.1.2-py3-none-any.whl.metadata (7.1 kB)
Collecting six>=1.5 (from python-dateutil>=2.8.2->pandas==3.0.2->-r C:\Users\USER\Desktop\code\MINTS\requirements.txt (line 6))
  Downloading six-1.17.0-py2.py3-none-any.whl.metadata (1.7 kB)
Collecting mpmath<1.4,>=1.1.0 (from sympy>=1.13.3->torch==2.11.0->-r C:\Users\USER\Desktop\code\MINTS\requirements.txt (line 2))
  Downloading mpmath-1.3.0-py3-none-any.whl.metadata (8.6 kB)
Collecting MarkupSafe>=2.0 (from jinja2->torch==2.11.0->-r C:\Users\USER\Desktop\code\MINTS\requirements.txt (line 2))
  Downloading markupsafe-3.0.4-cp314-cp314-win_amd64.whl.metadata (2.8 kB)
Collecting shellingham>=1.3.0 (from typer->transformers==5.5.3->-r C:\Users\USER\Desktop\code\MINTS\requirements.txt (line 3))
  Downloading shellingham-1.5.4-py2.py3-none-any.whl.metadata (3.5 kB)
Collecting rich>=13.8.0 (from typer->transformers==5.5.3->-r C:\Users\USER\Desktop\code\MINTS\requirements.txt (line 3))
  Downloading rich-15.0.0-py3-none-any.whl.metadata (18 kB)
Collecting annotated-doc>=0.0.2 (from typer->transformers==5.5.3->-r C:\Users\USER\Desktop\code\MINTS\requirements.txt (line 3))
  Downloading annotated_doc-0.0.5-py3-none-any.whl.metadata (6.5 kB)
Collecting markdown-it-py>=2.2.0 (from rich>=13.8.0->typer->transformers==5.5.3->-r C:\Users\USER\Desktop\code\MINTS\requirements.txt (line 3))
  Downloading markdown_it_py-4.2.0-py3-none-any.whl.metadata (7.4 kB)
Collecting mdurl~=0.1 (from markdown-it-py>=2.2.0->rich>=13.8.0->typer->transformers==5.5.3->-r C:\Users\USER\Desktop\code\MINTS\requirements.txt (line 3))
  Downloading mdurl-0.1.2-py3-none-any.whl.metadata (1.6 kB)
Downloading https://download-r2.pytorch.org/whl/cpu/torch-2.11.0%2Bcpu-cp314-cp314-win_amd64.whl (116.4 MB)
   ---------------------------------------- 116.4/116.4 MB 23.1 MB/s  0:00:05
Downloading transformers-5.5.3-py3-none-any.whl (10.2 MB)
   ---------------------------------------- 10.2/10.2 MB 25.8 MB/s  0:00:00
Downloading datasets-4.8.4-py3-none-any.whl (526 kB)
   ---------------------------------------- 527.0/527.0 kB 62.5 MB/s  0:00:00
Downloading scikit_learn-1.8.0-cp314-cp314-win_amd64.whl (8.1 MB)
   ---------------------------------------- 8.1/8.1 MB 31.0 MB/s  0:00:00
Downloading pandas-3.0.2-cp314-cp314-win_amd64.whl (9.9 MB)
   ---------------------------------------- 9.9/9.9 MB 28.5 MB/s  0:00:00
Downloading numpy-2.4.4-cp314-cp314-win_amd64.whl (12.4 MB)
   ---------------------------------------- 12.4/12.4 MB 26.7 MB/s  0:00:00
Downloading scipy-1.17.1-cp314-cp314-win_amd64.whl (37.3 MB)
   ---------------------------------------- 37.3/37.3 MB 26.4 MB/s  0:00:01
Downloading matplotlib-3.10.8-cp314-cp314-win_amd64.whl (8.3 MB)
   ---------------------------------------- 8.3/8.3 MB 27.4 MB/s  0:00:00
Downloading seaborn-0.13.2-py3-none-any.whl (294 kB)
Downloading tqdm-4.67.3-py3-none-any.whl (78 kB)
Downloading requests-2.33.1-py3-none-any.whl (64 kB)
Downloading biopython-1.87-cp314-cp314-win_amd64.whl (2.7 MB)
   ---------------------------------------- 2.7/2.7 MB 3.5 MB/s  0:00:00
Downloading pyfaidx-0.9.0.4-py3-none-any.whl (29 kB)
Downloading pytest-9.0.3-py3-none-any.whl (375 kB)
Downloading accelerate-1.13.0-py3-none-any.whl (383 kB)
Downloading einops-0.8.2-py3-none-any.whl (65 kB)
Downloading threadpoolctl-3.6.0-py3-none-any.whl (18 kB)
Downloading charset_normalizer-3.5.2-cp314-cp314-win_amd64.whl (210 kB)
Downloading dill-0.4.1-py3-none-any.whl (120 kB)
Downloading fsspec-2026.2.0-py3-none-any.whl (202 kB)
Downloading httpx-0.28.1-py3-none-any.whl (73 kB)
Downloading httpcore-1.0.9-py3-none-any.whl (78 kB)
Downloading huggingface_hub-1.33.0-py3-none-any.whl (846 kB)
   ---------------------------------------- 846.4/846.4 kB 29.9 MB/s  0:00:00
Downloading click-8.5.0-py3-none-any.whl (125 kB)
Downloading hf_xet-1.6.0-cp38-abi3-win_amd64.whl (4.0 MB)
   ---------------------------------------- 4.0/4.0 MB 29.4 MB/s  0:00:00
Downloading idna-3.20-py3-none-any.whl (69 kB)
Downloading multiprocess-0.70.19-py314-none-any.whl (160 kB)
Downloading pluggy-1.6.0-py3-none-any.whl (20 kB)
Downloading setuptools-81.0.0-py3-none-any.whl (1.1 MB)
   ---------------------------------------- 1.1/1.1 MB 26.4 MB/s  0:00:00
Downloading tokenizers-0.22.2-cp39-abi3-win_amd64.whl (2.7 MB)
   ---------------------------------------- 2.7/2.7 MB 31.0 MB/s  0:00:00
Downloading urllib3-2.8.0-py3-none-any.whl (135 kB)
Downloading aiohttp-3.14.3-cp314-cp314-win_amd64.whl (481 kB)
Downloading multidict-6.9.1-cp314-cp314-win_amd64.whl (58 kB)
Downloading yarl-1.25.1-cp314-cp314-win_amd64.whl (103 kB)
Downloading aiohappyeyeballs-2.7.1-py3-none-any.whl (15 kB)
Downloading aiosignal-1.4.0-py3-none-any.whl (7.5 kB)
Downloading attrs-26.1.0-py3-none-any.whl (67 kB)
Downloading certifi-2026.7.22-py3-none-any.whl (136 kB)
Downloading contourpy-1.4.0-cp314-cp314-win_amd64.whl (240 kB)
Downloading cycler-0.12.1-py3-none-any.whl (8.3 kB)
Downloading filelock-4.0.11-py3-none-any.whl (111 kB)
Downloading fonttools-4.66.1-cp314-cp314-win_amd64.whl (2.5 MB)
   ---------------------------------------- 2.5/2.5 MB 22.3 MB/s  0:00:00
Downloading frozenlist-1.8.0-cp314-cp314-win_amd64.whl (44 kB)
Downloading h11-0.16.0-py3-none-any.whl (37 kB)
Downloading iniconfig-2.3.0-py3-none-any.whl (7.5 kB)
Downloading joblib-1.6.0-py3-none-any.whl (306 kB)
Downloading cloudpickle-3.1.2-py3-none-any.whl (22 kB)
Downloading kiwisolver-1.5.1-cp314-cp314-win_amd64.whl (72 kB)
Downloading networkx-3.7-py3-none-any.whl (2.1 MB)
   ---------------------------------------- 2.1/2.1 MB 25.6 MB/s  0:00:00
Downloading packaging-26.3-py3-none-any.whl (129 kB)
Downloading pillow-12.3.0-cp314-cp314-win_amd64.whl (7.2 MB)
   ---------------------------------------- 7.2/7.2 MB 28.7 MB/s  0:00:00
Downloading propcache-0.5.4-cp314-cp314-win_amd64.whl (46 kB)
Downloading pyarrow-25.0.1-cp314-cp314-win_amd64.whl (28.6 MB)
   ---------------------------------------- 28.6/28.6 MB 26.1 MB/s  0:00:01
Downloading pygments-2.21.0-py3-none-any.whl (1.3 MB)
   ---------------------------------------- 1.3/1.3 MB 23.3 MB/s  0:00:00
Downloading pyparsing-3.3.3-py3-none-any.whl (126 kB)
Downloading python_dateutil-2.9.0.post0-py2.py3-none-any.whl (229 kB)
Downloading pyyaml-6.0.3-cp314-cp314-win_amd64.whl (156 kB)
Downloading regex-2026.9.29-cp314-cp314-win_amd64.whl (283 kB)
Downloading safetensors-0.8.0-cp310-abi3-win_amd64.whl (355 kB)
Downloading six-1.17.0-py2.py3-none-any.whl (11 kB)
Downloading sympy-1.14.0-py3-none-any.whl (6.3 MB)
   ---------------------------------------- 6.3/6.3 MB 26.7 MB/s  0:00:00
Downloading mpmath-1.3.0-py3-none-any.whl (536 kB)
   ---------------------------------------- 536.2/536.2 kB 20.6 MB/s  0:00:00
Downloading typing_extensions-4.16.0-py3-none-any.whl (45 kB)
Downloading anyio-4.15.1-py3-none-any.whl (132 kB)
Downloading https://download.pytorch.org/whl/jinja2-3.1.6-py3-none-any.whl (134 kB)
Downloading markupsafe-3.0.4-cp314-cp314-win_amd64.whl (14 kB)
Downloading psutil-7.2.2-cp37-abi3-win_amd64.whl (137 kB)
Downloading typer-0.27.2-py3-none-any.whl (123 kB)
Downloading annotated_doc-0.0.5-py3-none-any.whl (5.3 kB)
Downloading rich-15.0.0-py3-none-any.whl (310 kB)
Downloading markdown_it_py-4.2.0-py3-none-any.whl (91 kB)
Downloading mdurl-0.1.2-py3-none-any.whl (10.0 kB)
Downloading shellingham-1.5.4-py2.py3-none-any.whl (9.8 kB)
Downloading tzdata-2026.5-py2.py3-none-any.whl (347 kB)
Downloading xxhash-4.0.1-cp314-cp314-win_amd64.whl (37 kB)
Installing collected packages: mpmath, xxhash, urllib3, tzdata, typing-extensions, threadpoolctl, sympy, six, shellingham, setuptools, safetensors, regex, pyyaml, pyparsing, pygments, pyarrow, psutil, propcache, pluggy, pillow, packaging, numpy, networkx, multidict, mdurl, MarkupSafe, kiwisolver, iniconfig, idna, hf-xet, h11, fsspec, frozenlist, fonttools, filelock, einops, dill, cycler, colorama, cloudpickle, click, charset_normalizer, certifi, attrs, annotated-doc, aiohappyeyeballs, yarl, tqdm, scipy, requests, python-dateutil, pytest, pyfaidx, multiprocess, markdown-it-py, joblib, jinja2, httpcore, contourpy, biopython, anyio, aiosignal, torch, scikit-learn, rich, pandas, matplotlib, httpx, aiohttp, typer, seaborn, huggingface-hub, tokenizers, datasets, accelerate, transformers

Successfully installed MarkupSafe-3.0.4 accelerate-1.13.0 aiohappyeyeballs-2.7.1 aiohttp-3.14.3 aiosignal-1.4.0 annotated-doc-0.0.5 anyio-4.15.1 attrs-26.1.0 biopython-1.87 certifi-2026.7.22 charset_normalizer-3.5.2 click-8.5.0 cloudpickle-3.1.2 colorama-0.4.6 contourpy-1.4.0 cycler-0.12.1 datasets-4.8.4 dill-0.4.1 einops-0.8.2 filelock-4.0.11 fonttools-4.66.1 frozenlist-1.8.0 fsspec-2026.2.0 h11-0.16.0 hf-xet-1.6.0 httpcore-1.0.9 httpx-0.28.1 huggingface-hub-1.33.0 idna-3.20 iniconfig-2.3.0 jinja2-3.1.6 joblib-1.6.0 kiwisolver-1.5.1 markdown-it-py-4.2.0 matplotlib-3.10.8 mdurl-0.1.2 mpmath-1.3.0 multidict-6.9.1 multiprocess-0.70.19 networkx-3.7 numpy-2.4.4 packaging-26.3 pandas-3.0.2 pillow-12.3.0 pluggy-1.6.0 propcache-0.5.4 psutil-7.2.2 pyarrow-25.0.1 pyfaidx-0.9.0.4 pygments-2.21.0 pyparsing-3.3.3 pytest-9.0.3 python-dateutil-2.9.0.post0 pyyaml-6.0.3 regex-2026.9.29 requests-2.33.1 rich-15.0.0 safetensors-0.8.0 scikit-learn-1.8.0 scipy-1.17.1 seaborn-0.13.2 setuptools-81.0.0 shellingham-1.5.4 six-1.17.0 sympy-1.14.0 threadpoolctl-3.6.0 tokenizers-0.22.2 torch-2.11.0+cpu tqdm-4.67.3 transformers-5.5.3 typer-0.27.2 typing-extensions-4.16.0 tzdata-2026.5 urllib3-2.8.0 xxhash-4.0.1 yarl-1.25.1
