{
  "submission_text_files": [
    "paper\\main.tex",
    "paper\\references.bib",
    "results\\review\\dataset_table.tex",
    "results\\review\\numbers.tex",
    "results\\review\\patching_table.tex",
    "results\\review\\table3.tex",
    "results\\review\\table4.tex",
    "results\\review\\threshold_table.tex"
  ],
  "findings": {},
  "scope": "rendered manuscript sources and inserts; internal review documents and historical results are not submission material",
  "hash_sources": {
    "paper\\main.tex": "66671980303dab6fe24f32e8481a44398082e48dd492d018923e2ea84a889570",
    "paper\\references.bib": "a9604c0a244dc2bee1904a63b3d6cbfc1a21a555967712b21bc4b76f8e38c068",
    "results\\review\\dataset_table.tex": "07dd42496fd95b55ca6ce7db626482e09bef6446d487a76a592b1970a2315ba2",
    "results\\review\\numbers.tex": "2e90c94ced5b5802d1ca029555cf8ccac71428b7445e526281dfe43da02c8ad7",
    "results\\review\\patching_table.tex": "f5758b8faaa939343fe454d9e7d0cdda484e891aea5f569e20b1fe4b809e3183",
    "results\\review\\table3.tex": "327397251d1bf1764d60f3fef7ce966790d735310a33f8b28ae182db30452378",
    "results\\review\\table4.tex": "52dbde81e6cbf8d8b1eb942f49f7831d2c6f3003840d3d906b62d2249cec8b87",
    "results\\review\\threshold_table.tex": "8140e688985ce2df66eb0e025a5a64d5248570c10a0efac30d803d97bfd5b424"
  },
  "pdf_sha256": "18fc6c9cf1b4770efc745660121da967aaf0a0f070deb29de2d157b8c6e7517b",
  "pdf_pages": 7,
  "pdf_metadata_and_annotations_scanned": true
}
