Looking in indexes: https://pypi.org/simple, https://download.pytorch.org/whl/cu126
Ignoring triton: markers 'platform_system != "Windows"' don't match your environment
Collecting torch==2.11.0+cu126
  Downloading https://download-r2.pytorch.org/whl/cu126/torch-2.11.0%2Bcu126-cp314-cp314-win_amd64.whl.metadata (29 kB)
Collecting transformers (from -r requirements.txt (line 2))
  Downloading transformers-5.18.0-py3-none-any.whl.metadata (32 kB)
Collecting datasets (from -r requirements.txt (line 3))
  Downloading datasets-5.0.1-py3-none-any.whl.metadata (23 kB)
Collecting transformer-lens (from -r requirements.txt (line 4))
  Downloading transformer_lens-4.0.0-py3-none-any.whl.metadata (14 kB)
Collecting scikit-learn (from -r requirements.txt (line 5))
  Downloading scikit_learn-1.9.1-cp314-cp314-win_amd64.whl.metadata (9.3 kB)
Collecting pandas (from -r requirements.txt (line 6))
  Downloading pandas-3.0.6-cp314-cp314-win_amd64.whl.metadata (19 kB)
Collecting numpy (from -r requirements.txt (line 7))
  Downloading numpy-2.5.3-cp314-cp314-win_amd64.whl.metadata (6.6 kB)
Collecting scipy (from -r requirements.txt (line 8))
  Downloading scipy-1.18.1-cp314-cp314-win_amd64.whl.metadata (61 kB)
Collecting matplotlib (from -r requirements.txt (line 9))
  Downloading matplotlib-3.11.2-cp314-cp314-win_amd64.whl.metadata (80 kB)
Collecting seaborn (from -r requirements.txt (line 10))
  Downloading seaborn-0.13.2-py3-none-any.whl.metadata (5.4 kB)
Collecting tqdm (from -r requirements.txt (line 11))
  Downloading tqdm-4.70.1-py3-none-any.whl.metadata (57 kB)
Collecting requests (from -r requirements.txt (line 12))
  Downloading requests-2.34.2-py3-none-any.whl.metadata (4.8 kB)
Collecting biopython (from -r requirements.txt (line 13))
  Downloading biopython-1.88-cp314-cp314-win_amd64.whl.metadata (13 kB)
Collecting pyfaidx (from -r requirements.txt (line 14))
  Downloading pyfaidx-0.9.0.4-py3-none-any.whl.metadata (25 kB)
Collecting pytest (from -r requirements.txt (line 15))
  Downloading pytest-9.1.1-py3-none-any.whl.metadata (7.6 kB)
Collecting accelerate (from -r requirements.txt (line 16))
  Downloading accelerate-1.15.0-py3-none-any.whl.metadata (19 kB)
Collecting einops (from -r requirements.txt (line 17))
  Downloading einops-0.8.2-py3-none-any.whl.metadata (13 kB)
Collecting triton-windows (from -r requirements.txt (line 19))
  Downloading triton_windows-3.8.0.post29-cp314-cp314-win_amd64.whl.metadata (1.1 kB)
Collecting filelock (from torch==2.11.0+cu126)
  Downloading filelock-4.0.9-py3-none-any.whl.metadata (2.0 kB)
Collecting typing-extensions>=4.10.0 (from torch==2.11.0+cu126)
  Downloading typing_extensions-4.16.0-py3-none-any.whl.metadata (3.3 kB)
Collecting setuptools<82 (from torch==2.11.0+cu126)
  Downloading setuptools-81.0.0-py3-none-any.whl.metadata (6.6 kB)
Collecting sympy>=1.13.3 (from torch==2.11.0+cu126)
  Downloading sympy-1.14.0-py3-none-any.whl.metadata (12 kB)
Collecting networkx>=2.5.1 (from torch==2.11.0+cu126)
  Downloading networkx-3.7-py3-none-any.whl.metadata (6.7 kB)
Collecting jinja2 (from torch==2.11.0+cu126)
  Downloading https://download.pytorch.org/whl/jinja2-3.1.6-py3-none-any.whl.metadata (2.9 kB)
Collecting fsspec>=0.8.5 (from torch==2.11.0+cu126)
  Downloading fsspec-2026.9.0-py3-none-any.whl.metadata (10 kB)
Collecting huggingface-hub<3.0,>=1.31.0 (from transformers->-r requirements.txt (line 2))
  Downloading huggingface_hub-2.1.1-py3-none-any.whl.metadata (16 kB)
Collecting packaging>=20.0 (from transformers->-r requirements.txt (line 2))
  Downloading packaging-26.3-py3-none-any.whl.metadata (3.5 kB)
Collecting pyyaml>=5.1 (from transformers->-r requirements.txt (line 2))
  Downloading pyyaml-6.0.3-cp314-cp314-win_amd64.whl.metadata (2.4 kB)
Collecting regex>=2025.10.22 (from transformers->-r requirements.txt (line 2))
  Downloading regex-2026.9.29-cp314-cp314-win_amd64.whl.metadata (41 kB)
Collecting tokenizers<0.24.0,>=0.23.1 (from transformers->-r requirements.txt (line 2))
  Downloading tokenizers-0.23.2-cp310-abi3-win_amd64.whl.metadata (10 kB)
Collecting typer (from transformers->-r requirements.txt (line 2))
  Downloading typer-0.27.2-py3-none-any.whl.metadata (16 kB)
Collecting safetensors>=0.8.0 (from transformers->-r requirements.txt (line 2))
  Downloading safetensors-0.8.0-cp310-abi3-win_amd64.whl.metadata (4.2 kB)
Collecting click<9.0.0,>=8.4.2 (from huggingface-hub<3.0,>=1.31.0->transformers->-r requirements.txt (line 2))
  Downloading click-8.5.0-py3-none-any.whl.metadata (2.6 kB)
Collecting hf-xet<2.0.0,>=1.6.0 (from huggingface-hub<3.0,>=1.31.0->transformers->-r requirements.txt (line 2))
  Downloading hf_xet-1.6.0-cp38-abi3-win_amd64.whl.metadata (4.9 kB)
Collecting httpx2<3,>=2.0.0 (from huggingface-hub<3.0,>=1.31.0->transformers->-r requirements.txt (line 2))
  Downloading httpx2-2.13.1-py3-none-any.whl.metadata (9.8 kB)
Collecting anyio>=4.10 (from httpx2<3,>=2.0.0->huggingface-hub<3.0,>=1.31.0->transformers->-r requirements.txt (line 2))
  Downloading anyio-4.15.1-py3-none-any.whl.metadata (4.7 kB)
Collecting httpcore2==2.13.1 (from httpx2<3,>=2.0.0->huggingface-hub<3.0,>=1.31.0->transformers->-r requirements.txt (line 2))
  Downloading httpcore2-2.13.1-py3-none-any.whl.metadata (26 kB)
Collecting idna>=3.18 (from httpx2<3,>=2.0.0->huggingface-hub<3.0,>=1.31.0->transformers->-r requirements.txt (line 2))
  Downloading idna-3.20-py3-none-any.whl.metadata (7.2 kB)
Collecting truststore>=0.10 (from httpx2<3,>=2.0.0->huggingface-hub<3.0,>=1.31.0->transformers->-r requirements.txt (line 2))
  Downloading truststore-0.10.4-py3-none-any.whl.metadata (4.4 kB)
Collecting h11>=0.16 (from httpcore2==2.13.1->httpx2<3,>=2.0.0->huggingface-hub<3.0,>=1.31.0->transformers->-r requirements.txt (line 2))
  Downloading h11-0.16.0-py3-none-any.whl.metadata (8.3 kB)
Collecting huggingface-hub<3.0,>=1.31.0 (from transformers->-r requirements.txt (line 2))
  Downloading huggingface_hub-1.33.0-py3-none-any.whl.metadata (16 kB)
Collecting httpx<1,>=0.23.0 (from huggingface-hub<3.0,>=1.31.0->transformers->-r requirements.txt (line 2))
  Downloading httpx-0.28.1-py3-none-any.whl.metadata (7.1 kB)
Collecting certifi (from httpx<1,>=0.23.0->huggingface-hub<3.0,>=1.31.0->transformers->-r requirements.txt (line 2))
  Downloading certifi-2026.7.22-py3-none-any.whl.metadata (2.5 kB)
Collecting httpcore==1.* (from httpx<1,>=0.23.0->huggingface-hub<3.0,>=1.31.0->transformers->-r requirements.txt (line 2))
  Downloading httpcore-1.0.9-py3-none-any.whl.metadata (21 kB)
Collecting pyarrow>=21.0.0 (from datasets->-r requirements.txt (line 3))
  Downloading pyarrow-25.0.1-cp314-cp314-win_amd64.whl.metadata (3.0 kB)
Collecting dill<0.4.2,>=0.3.0 (from datasets->-r requirements.txt (line 3))
  Downloading dill-0.4.1-py3-none-any.whl.metadata (10 kB)
Collecting xxhash (from datasets->-r requirements.txt (line 3))
  Downloading xxhash-4.0.1-cp314-cp314-win_amd64.whl.metadata (18 kB)
Collecting multiprocess<0.70.20 (from datasets->-r requirements.txt (line 3))
  Downloading multiprocess-0.70.19-py314-none-any.whl.metadata (7.2 kB)
Collecting fsspec>=0.8.5 (from torch==2.11.0+cu126)
  Downloading fsspec-2026.6.0-py3-none-any.whl.metadata (10 kB)
Collecting aiohttp!=4.0.0a0,!=4.0.0a1 (from fsspec[http]<=2026.6.0,>=2023.1.0->datasets->-r requirements.txt (line 3))
  Downloading aiohttp-3.14.3-cp314-cp314-win_amd64.whl.metadata (8.5 kB)
Collecting beartype>=0.14.1 (from transformer-lens->-r requirements.txt (line 4))
  Downloading beartype-0.22.9-py3-none-any.whl.metadata (37 kB)
Collecting fancy-einsum>=0.0.3 (from transformer-lens->-r requirements.txt (line 4))
  Downloading fancy_einsum-0.0.3-py3-none-any.whl.metadata (1.2 kB)
Collecting jaxtyping>=0.3 (from transformer-lens->-r requirements.txt (line 4))
  Downloading jaxtyping-0.3.11-py3-none-any.whl.metadata (6.2 kB)
Collecting protobuf>=3.20.0 (from transformer-lens->-r requirements.txt (line 4))
  Downloading protobuf-7.36.2-cp310-abi3-win_amd64.whl.metadata (595 bytes)
Collecting rich>=12.6.0 (from transformer-lens->-r requirements.txt (line 4))
  Downloading rich-15.0.0-py3-none-any.whl.metadata (18 kB)
Collecting sentencepiece (from transformer-lens->-r requirements.txt (line 4))
  Downloading sentencepiece-0.2.2-cp314-cp314-win_amd64.whl.metadata (34 kB)
Collecting transformers-stream-generator<0.1,>=0.0.5 (from transformer-lens->-r requirements.txt (line 4))
  Downloading transformers-stream-generator-0.0.5.tar.gz (13 kB)
  Installing build dependencies: started
  Installing build dependencies: finished with status 'done'
  Getting requirements to build wheel: started
  Getting requirements to build wheel: finished with status 'done'
  Preparing metadata (pyproject.toml): started
  Preparing metadata (pyproject.toml): finished with status 'done'
Collecting typeguard<5,>=4.2 (from transformer-lens->-r requirements.txt (line 4))
  Downloading typeguard-4.6.0-py3-none-any.whl.metadata (3.7 kB)
Collecting wandb>=0.13.5 (from transformer-lens->-r requirements.txt (line 4))
  Downloading wandb-0.30.0-py3-none-win_amd64.whl.metadata (11 kB)
Collecting joblib>=1.4.0 (from scikit-learn->-r requirements.txt (line 5))
  Downloading joblib-1.6.0-py3-none-any.whl.metadata (6.5 kB)
Collecting narwhals>=2.0.1 (from scikit-learn->-r requirements.txt (line 5))
  Downloading narwhals-2.26.0-py3-none-any.whl.metadata (15 kB)
Collecting threadpoolctl>=3.5.0 (from scikit-learn->-r requirements.txt (line 5))
  Downloading threadpoolctl-3.7.0-py3-none-any.whl.metadata (24 kB)
Collecting python-dateutil>=2.8.2 (from pandas->-r requirements.txt (line 6))
  Downloading python_dateutil-2.9.0.post0-py2.py3-none-any.whl.metadata (8.4 kB)
Collecting tzdata (from pandas->-r requirements.txt (line 6))
  Downloading tzdata-2026.5-py2.py3-none-any.whl.metadata (1.4 kB)
Collecting contourpy>=1.0.1 (from matplotlib->-r requirements.txt (line 9))
  Downloading contourpy-1.4.0-cp314-cp314-win_amd64.whl.metadata (3.8 kB)
Collecting cycler>=0.10 (from matplotlib->-r requirements.txt (line 9))
  Downloading cycler-0.12.1-py3-none-any.whl.metadata (3.8 kB)
Collecting fonttools>=4.28.2 (from matplotlib->-r requirements.txt (line 9))
  Downloading fonttools-4.66.1-cp314-cp314-win_amd64.whl.metadata (132 kB)
Collecting kiwisolver>=1.3.1 (from matplotlib->-r requirements.txt (line 9))
  Downloading kiwisolver-1.5.1-cp314-cp314-win_amd64.whl.metadata (5.2 kB)
Collecting pillow>=9 (from matplotlib->-r requirements.txt (line 9))
  Downloading pillow-12.3.0-cp314-cp314-win_amd64.whl.metadata (9.3 kB)
Collecting pyparsing>=3 (from matplotlib->-r requirements.txt (line 9))
  Downloading pyparsing-3.3.3-py3-none-any.whl.metadata (5.9 kB)
Collecting colorama (from tqdm->-r requirements.txt (line 11))
  Downloading https://download.pytorch.org/whl/colorama-0.4.6-py2.py3-none-any.whl (25 kB)
Collecting charset_normalizer<4,>=2 (from requests->-r requirements.txt (line 12))
  Downloading charset_normalizer-3.5.2-cp314-cp314-win_amd64.whl.metadata (47 kB)
Collecting urllib3<3,>=1.26 (from requests->-r requirements.txt (line 12))
  Downloading urllib3-2.8.0-py3-none-any.whl.metadata (7.4 kB)
Collecting iniconfig>=1.0.1 (from pytest->-r requirements.txt (line 15))
  Downloading iniconfig-2.3.0-py3-none-any.whl.metadata (2.5 kB)
Collecting pluggy<2,>=1.5 (from pytest->-r requirements.txt (line 15))
  Downloading pluggy-1.6.0-py3-none-any.whl.metadata (4.8 kB)
Collecting pygments>=2.7.2 (from pytest->-r requirements.txt (line 15))
  Downloading pygments-2.21.0-py3-none-any.whl.metadata (2.5 kB)
Collecting psutil (from accelerate->-r requirements.txt (line 16))
  Downloading psutil-7.2.2-cp37-abi3-win_amd64.whl.metadata (22 kB)
Collecting aiohappyeyeballs>=2.5.0 (from aiohttp!=4.0.0a0,!=4.0.0a1->fsspec[http]<=2026.6.0,>=2023.1.0->datasets->-r requirements.txt (line 3))
  Downloading aiohappyeyeballs-2.7.1-py3-none-any.whl.metadata (5.9 kB)
Collecting aiosignal>=1.4.0 (from aiohttp!=4.0.0a0,!=4.0.0a1->fsspec[http]<=2026.6.0,>=2023.1.0->datasets->-r requirements.txt (line 3))
  Downloading aiosignal-1.4.0-py3-none-any.whl.metadata (3.7 kB)
Collecting attrs>=17.3.0 (from aiohttp!=4.0.0a0,!=4.0.0a1->fsspec[http]<=2026.6.0,>=2023.1.0->datasets->-r requirements.txt (line 3))
  Downloading attrs-26.1.0-py3-none-any.whl.metadata (8.8 kB)
Collecting frozenlist>=1.1.1 (from aiohttp!=4.0.0a0,!=4.0.0a1->fsspec[http]<=2026.6.0,>=2023.1.0->datasets->-r requirements.txt (line 3))
  Downloading frozenlist-1.8.0-cp314-cp314-win_amd64.whl.metadata (21 kB)
Collecting multidict<7.0,>=4.5 (from aiohttp!=4.0.0a0,!=4.0.0a1->fsspec[http]<=2026.6.0,>=2023.1.0->datasets->-r requirements.txt (line 3))
  Downloading multidict-6.9.1-cp314-cp314-win_amd64.whl.metadata (5.4 kB)
Collecting propcache>=0.2.0 (from aiohttp!=4.0.0a0,!=4.0.0a1->fsspec[http]<=2026.6.0,>=2023.1.0->datasets->-r requirements.txt (line 3))
  Downloading propcache-0.5.4-cp314-cp314-win_amd64.whl.metadata (25 kB)
Collecting yarl<2.0,>=1.17.0 (from aiohttp!=4.0.0a0,!=4.0.0a1->fsspec[http]<=2026.6.0,>=2023.1.0->datasets->-r requirements.txt (line 3))
  Downloading yarl-1.25.1-cp314-cp314-win_amd64.whl.metadata (115 kB)
Collecting wadler-lindig>=0.1.3 (from jaxtyping>=0.3->transformer-lens->-r requirements.txt (line 4))
  Downloading wadler_lindig-0.1.7-py3-none-any.whl.metadata (17 kB)
Collecting cloudpickle>=3.0 (from joblib>=1.4.0->scikit-learn->-r requirements.txt (line 5))
  Downloading cloudpickle-3.1.2-py3-none-any.whl.metadata (7.1 kB)
Collecting six>=1.5 (from python-dateutil>=2.8.2->pandas->-r requirements.txt (line 6))
  Downloading six-1.17.0-py2.py3-none-any.whl.metadata (1.7 kB)
Collecting markdown-it-py>=2.2.0 (from rich>=12.6.0->transformer-lens->-r requirements.txt (line 4))
  Downloading markdown_it_py-4.2.0-py3-none-any.whl.metadata (7.4 kB)
Collecting mdurl~=0.1 (from markdown-it-py>=2.2.0->rich>=12.6.0->transformer-lens->-r requirements.txt (line 4))
  Downloading mdurl-0.1.2-py3-none-any.whl.metadata (1.6 kB)
Collecting mpmath<1.4,>=1.1.0 (from sympy>=1.13.3->torch==2.11.0+cu126)
  Downloading mpmath-1.3.0-py3-none-any.whl.metadata (8.6 kB)
Collecting opentelemetry-api>=1.43.0 (from wandb>=0.13.5->transformer-lens->-r requirements.txt (line 4))
  Downloading opentelemetry_api-1.45.0-py3-none-any.whl.metadata (1.4 kB)
Collecting opentelemetry-exporter-otlp-proto-http>=1.43.0 (from wandb>=0.13.5->transformer-lens->-r requirements.txt (line 4))
  Downloading opentelemetry_exporter_otlp_proto_http-1.45.0-py3-none-any.whl.metadata (3.1 kB)
Collecting opentelemetry-sdk>=1.43.0 (from wandb>=0.13.5->transformer-lens->-r requirements.txt (line 4))
  Downloading opentelemetry_sdk-1.45.0-py3-none-any.whl.metadata (1.6 kB)
Collecting platformdirs (from wandb>=0.13.5->transformer-lens->-r requirements.txt (line 4))
  Downloading platformdirs-4.12.2-py3-none-any.whl.metadata (5.5 kB)
Collecting pydantic<3,>=2.6 (from wandb>=0.13.5->transformer-lens->-r requirements.txt (line 4))
  Downloading pydantic-2.13.5-py3-none-any.whl.metadata (110 kB)
Collecting annotated-types>=0.6.0 (from pydantic<3,>=2.6->wandb>=0.13.5->transformer-lens->-r requirements.txt (line 4))
  Downloading annotated_types-0.8.0-py3-none-any.whl.metadata (15 kB)
Collecting pydantic-core==2.46.5 (from pydantic<3,>=2.6->wandb>=0.13.5->transformer-lens->-r requirements.txt (line 4))
  Downloading pydantic_core-2.46.5-cp314-cp314-win_amd64.whl.metadata (6.7 kB)
Collecting typing-inspection>=0.4.2 (from pydantic<3,>=2.6->wandb>=0.13.5->transformer-lens->-r requirements.txt (line 4))
  Downloading typing_inspection-0.4.4-py3-none-any.whl.metadata (2.6 kB)
Collecting googleapis-common-protos~=1.52 (from opentelemetry-exporter-otlp-proto-http>=1.43.0->wandb>=0.13.5->transformer-lens->-r requirements.txt (line 4))
  Downloading googleapis_common_protos-1.75.5-py3-none-any.whl.metadata (8.5 kB)
Collecting opentelemetry-exporter-http-transport==0.66b0 (from opentelemetry-exporter-http-transport[urllib3]==0.66b0->opentelemetry-exporter-otlp-proto-http>=1.43.0->wandb>=0.13.5->transformer-lens->-r requirements.txt (line 4))
  Downloading opentelemetry_exporter_http_transport-0.66b0-py3-none-any.whl.metadata (2.3 kB)
Collecting opentelemetry-exporter-otlp-common==0.66b0 (from opentelemetry-exporter-otlp-proto-http>=1.43.0->wandb>=0.13.5->transformer-lens->-r requirements.txt (line 4))
  Downloading opentelemetry_exporter_otlp_common-0.66b0-py3-none-any.whl.metadata (1.9 kB)
Collecting opentelemetry-exporter-otlp-proto-common==1.45.0 (from opentelemetry-exporter-otlp-proto-http>=1.43.0->wandb>=0.13.5->transformer-lens->-r requirements.txt (line 4))
  Downloading opentelemetry_exporter_otlp_proto_common-1.45.0-py3-none-any.whl.metadata (1.8 kB)
Collecting opentelemetry-proto==1.45.0 (from opentelemetry-exporter-otlp-proto-http>=1.43.0->wandb>=0.13.5->transformer-lens->-r requirements.txt (line 4))
  Downloading opentelemetry_proto-1.45.0-py3-none-any.whl.metadata (2.3 kB)
Collecting opentelemetry-semantic-conventions==0.66b0 (from opentelemetry-sdk>=1.43.0->wandb>=0.13.5->transformer-lens->-r requirements.txt (line 4))
  Downloading opentelemetry_semantic_conventions-0.66b0-py3-none-any.whl.metadata (2.4 kB)
Collecting MarkupSafe>=2.0 (from jinja2->torch==2.11.0+cu126)
  Downloading markupsafe-3.0.4-cp314-cp314-win_amd64.whl.metadata (2.8 kB)
Collecting shellingham>=1.3.0 (from typer->transformers->-r requirements.txt (line 2))
  Downloading shellingham-1.5.4-py2.py3-none-any.whl.metadata (3.5 kB)
Collecting annotated-doc>=0.0.2 (from typer->transformers->-r requirements.txt (line 2))
  Downloading annotated_doc-0.0.5-py3-none-any.whl.metadata (6.5 kB)
Downloading https://download-r2.pytorch.org/whl/cu126/torch-2.11.0%2Bcu126-cp314-cp314-win_amd64.whl (2616.9 MB)
   ---------------------------------------- 2.6/2.6 GB 28.8 MB/s  0:01:35
Downloading setuptools-81.0.0-py3-none-any.whl (1.1 MB)
   ---------------------------------------- 1.1/1.1 MB 19.6 MB/s  0:00:00
Downloading transformers-5.18.0-py3-none-any.whl (12.6 MB)
   ---------------------------------------- 12.6/12.6 MB 30.3 MB/s  0:00:00
Downloading click-8.5.0-py3-none-any.whl (125 kB)
Downloading hf_xet-1.6.0-cp38-abi3-win_amd64.whl (4.0 MB)
   ---------------------------------------- 4.0/4.0 MB 34.1 MB/s  0:00:00
Downloading tokenizers-0.23.2-cp310-abi3-win_amd64.whl (2.9 MB)
   ---------------------------------------- 2.9/2.9 MB 37.4 MB/s  0:00:00
Downloading huggingface_hub-1.33.0-py3-none-any.whl (846 kB)
   ---------------------------------------- 846.4/846.4 kB 26.1 MB/s  0:00:00
Downloading httpx-0.28.1-py3-none-any.whl (73 kB)
Downloading httpcore-1.0.9-py3-none-any.whl (78 kB)
Downloading datasets-5.0.1-py3-none-any.whl (559 kB)
   ---------------------------------------- 559.1/559.1 kB 45.3 MB/s  0:00:00
Downloading dill-0.4.1-py3-none-any.whl (120 kB)
Downloading fsspec-2026.6.0-py3-none-any.whl (203 kB)
Downloading multiprocess-0.70.19-py314-none-any.whl (160 kB)
Downloading transformer_lens-4.0.0-py3-none-any.whl (1.5 MB)
   ---------------------------------------- 1.5/1.5 MB 44.2 MB/s  0:00:00
Downloading typeguard-4.6.0-py3-none-any.whl (36 kB)
Downloading scikit_learn-1.9.1-cp314-cp314-win_amd64.whl (8.4 MB)
   ---------------------------------------- 8.4/8.4 MB 31.2 MB/s  0:00:00
Downloading pandas-3.0.6-cp314-cp314-win_amd64.whl (9.8 MB)
   ---------------------------------------- 9.8/9.8 MB 29.0 MB/s  0:00:00
Downloading numpy-2.5.3-cp314-cp314-win_amd64.whl (12.7 MB)
   ---------------------------------------- 12.7/12.7 MB 21.9 MB/s  0:00:00
Downloading scipy-1.18.1-cp314-cp314-win_amd64.whl (37.4 MB)
   ---------------------------------------- 37.4/37.4 MB 23.4 MB/s  0:00:01
Downloading matplotlib-3.11.2-cp314-cp314-win_amd64.whl (9.5 MB)
   ---------------------------------------- 9.5/9.5 MB 23.7 MB/s  0:00:00
Downloading seaborn-0.13.2-py3-none-any.whl (294 kB)
Downloading tqdm-4.70.1-py3-none-any.whl (80 kB)
Downloading requests-2.34.2-py3-none-any.whl (73 kB)
Downloading charset_normalizer-3.5.2-cp314-cp314-win_amd64.whl (210 kB)
Downloading idna-3.20-py3-none-any.whl (69 kB)
Downloading urllib3-2.8.0-py3-none-any.whl (135 kB)
Downloading biopython-1.88-cp314-cp314-win_amd64.whl (2.7 MB)
   ---------------------------------------- 2.7/2.7 MB 30.3 MB/s  0:00:00
Downloading pyfaidx-0.9.0.4-py3-none-any.whl (29 kB)
Downloading pytest-9.1.1-py3-none-any.whl (386 kB)
Downloading pluggy-1.6.0-py3-none-any.whl (20 kB)
Downloading accelerate-1.15.0-py3-none-any.whl (394 kB)
Downloading einops-0.8.2-py3-none-any.whl (65 kB)
Downloading triton_windows-3.8.0.post29-cp314-cp314-win_amd64.whl (54.1 MB)
   ---------------------------------------- 54.1/54.1 MB 23.3 MB/s  0:00:02
Downloading aiohttp-3.14.3-cp314-cp314-win_amd64.whl (481 kB)
Downloading multidict-6.9.1-cp314-cp314-win_amd64.whl (58 kB)
Downloading yarl-1.25.1-cp314-cp314-win_amd64.whl (103 kB)
Downloading aiohappyeyeballs-2.7.1-py3-none-any.whl (15 kB)
Downloading aiosignal-1.4.0-py3-none-any.whl (7.5 kB)
Downloading anyio-4.15.1-py3-none-any.whl (132 kB)
Downloading attrs-26.1.0-py3-none-any.whl (67 kB)
Downloading beartype-0.22.9-py3-none-any.whl (1.3 MB)
   ---------------------------------------- 1.3/1.3 MB 34.0 MB/s  0:00:00
Downloading certifi-2026.7.22-py3-none-any.whl (136 kB)
Downloading contourpy-1.4.0-cp314-cp314-win_amd64.whl (240 kB)
Downloading cycler-0.12.1-py3-none-any.whl (8.3 kB)
Downloading fancy_einsum-0.0.3-py3-none-any.whl (6.2 kB)
Downloading filelock-4.0.9-py3-none-any.whl (110 kB)
Downloading fonttools-4.66.1-cp314-cp314-win_amd64.whl (2.5 MB)
   ---------------------------------------- 2.5/2.5 MB 25.4 MB/s  0:00:00
Downloading frozenlist-1.8.0-cp314-cp314-win_amd64.whl (44 kB)
Downloading h11-0.16.0-py3-none-any.whl (37 kB)
Downloading iniconfig-2.3.0-py3-none-any.whl (7.5 kB)
Downloading jaxtyping-0.3.11-py3-none-any.whl (56 kB)
Downloading joblib-1.6.0-py3-none-any.whl (306 kB)
Downloading cloudpickle-3.1.2-py3-none-any.whl (22 kB)
Downloading kiwisolver-1.5.1-cp314-cp314-win_amd64.whl (72 kB)
Downloading narwhals-2.26.0-py3-none-any.whl (474 kB)
Downloading networkx-3.7-py3-none-any.whl (2.1 MB)
   ---------------------------------------- 2.1/2.1 MB 35.8 MB/s  0:00:00
Downloading packaging-26.3-py3-none-any.whl (129 kB)
Downloading pillow-12.3.0-cp314-cp314-win_amd64.whl (7.2 MB)
   ---------------------------------------- 7.2/7.2 MB 25.7 MB/s  0:00:00
Downloading propcache-0.5.4-cp314-cp314-win_amd64.whl (46 kB)
Downloading protobuf-7.36.2-cp310-abi3-win_amd64.whl (456 kB)
Downloading pyarrow-25.0.1-cp314-cp314-win_amd64.whl (28.6 MB)
   ---------------------------------------- 28.6/28.6 MB 27.7 MB/s  0:00:01
Downloading pygments-2.21.0-py3-none-any.whl (1.3 MB)
   ---------------------------------------- 1.3/1.3 MB 40.1 MB/s  0:00:00
Downloading pyparsing-3.3.3-py3-none-any.whl (126 kB)
Downloading python_dateutil-2.9.0.post0-py2.py3-none-any.whl (229 kB)
Downloading pyyaml-6.0.3-cp314-cp314-win_amd64.whl (156 kB)
Downloading regex-2026.9.29-cp314-cp314-win_amd64.whl (283 kB)
Downloading rich-15.0.0-py3-none-any.whl (310 kB)
Downloading markdown_it_py-4.2.0-py3-none-any.whl (91 kB)
Downloading mdurl-0.1.2-py3-none-any.whl (10.0 kB)
Downloading safetensors-0.8.0-cp310-abi3-win_amd64.whl (355 kB)
Downloading six-1.17.0-py2.py3-none-any.whl (11 kB)
Downloading sympy-1.14.0-py3-none-any.whl (6.3 MB)
   ---------------------------------------- 6.3/6.3 MB 27.2 MB/s  0:00:00
Downloading mpmath-1.3.0-py3-none-any.whl (536 kB)
   ---------------------------------------- 536.2/536.2 kB 21.5 MB/s  0:00:00
Downloading threadpoolctl-3.7.0-py3-none-any.whl (26 kB)
Downloading typing_extensions-4.16.0-py3-none-any.whl (45 kB)
Downloading wadler_lindig-0.1.7-py3-none-any.whl (20 kB)
Downloading wandb-0.30.0-py3-none-win_amd64.whl (24.1 MB)
   ---------------------------------------- 24.1/24.1 MB 24.3 MB/s  0:00:00
Downloading pydantic-2.13.5-py3-none-any.whl (472 kB)
Downloading pydantic_core-2.46.5-cp314-cp314-win_amd64.whl (2.0 MB)
   ---------------------------------------- 2.0/2.0 MB 21.4 MB/s  0:00:00
Downloading annotated_types-0.8.0-py3-none-any.whl (13 kB)
Downloading opentelemetry_api-1.45.0-py3-none-any.whl (60 kB)
Downloading opentelemetry_exporter_otlp_proto_http-1.45.0-py3-none-any.whl (22 kB)
Downloading opentelemetry_exporter_http_transport-0.66b0-py3-none-any.whl (12 kB)
Downloading opentelemetry_exporter_otlp_common-0.66b0-py3-none-any.whl (12 kB)
Downloading opentelemetry_exporter_otlp_proto_common-1.45.0-py3-none-any.whl (15 kB)
Downloading opentelemetry_proto-1.45.0-py3-none-any.whl (72 kB)
Downloading googleapis_common_protos-1.75.5-py3-none-any.whl (307 kB)
Downloading opentelemetry_sdk-1.45.0-py3-none-any.whl (140 kB)
Downloading opentelemetry_semantic_conventions-0.66b0-py3-none-any.whl (206 kB)
Downloading typing_inspection-0.4.4-py3-none-any.whl (14 kB)
Downloading xxhash-4.0.1-cp314-cp314-win_amd64.whl (37 kB)
Downloading https://download.pytorch.org/whl/jinja2-3.1.6-py3-none-any.whl (134 kB)
Downloading markupsafe-3.0.4-cp314-cp314-win_amd64.whl (14 kB)
Downloading platformdirs-4.12.2-py3-none-any.whl (32 kB)
Downloading psutil-7.2.2-cp37-abi3-win_amd64.whl (137 kB)
Downloading sentencepiece-0.2.2-cp314-cp314-win_amd64.whl (1.4 MB)
   ---------------------------------------- 1.4/1.4 MB 32.8 MB/s  0:00:00
Downloading typer-0.27.2-py3-none-any.whl (123 kB)
Downloading annotated_doc-0.0.5-py3-none-any.whl (5.3 kB)
Downloading shellingham-1.5.4-py2.py3-none-any.whl (9.8 kB)
Downloading tzdata-2026.5-py2.py3-none-any.whl (347 kB)
Building wheels for collected packages: transformers-stream-generator
  Building wheel for transformers-stream-generator (pyproject.toml): started
  Building wheel for transformers-stream-generator (pyproject.toml): finished with status 'done'
  Created wheel for transformers-stream-generator: filename=transformers_stream_generator-0.0.5-py3-none-any.whl size=12501 sha256=003c0719813b47de4c0a46b4c5d2fe32310741625c42b832e05a27a4fe71180f
  Stored in directory: C:\Users\USER\AppData\Local\Temp\pip-ephem-wheel-cache-61g9v5da\wheels\ab\f4\8f\0e07d4334b6cdf4909e0c0a9064671a0d64a2b40da909e57fa
Successfully built transformers-stream-generator
Installing collected packages: mpmath, xxhash, wadler-lindig, urllib3, tzdata, typing-extensions, triton-windows, threadpoolctl, sympy, six, shellingham, setuptools, sentencepiece, safetensors, regex, pyyaml, pyparsing, pygments, pyarrow, psutil, protobuf, propcache, pluggy, platformdirs, pillow, packaging, numpy, networkx, narwhals, multidict, mdurl, MarkupSafe, kiwisolver, iniconfig, idna, hf-xet, h11, fsspec, frozenlist, fonttools, filelock, fancy-einsum, einops, dill, cycler, colorama, cloudpickle, click, charset_normalizer, certifi, beartype, attrs, annotated-types, annotated-doc, aiohappyeyeballs, yarl, typing-inspection, typeguard, tqdm, scipy, requests, python-dateutil, pytest, pyfaidx, pydantic-core, opentelemetry-proto, opentelemetry-api, multiprocess, markdown-it-py, joblib, jinja2, jaxtyping, httpcore, googleapis-common-protos, contourpy, biopython, anyio, aiosignal, torch, scikit-learn, rich, pydantic, pandas, opentelemetry-semantic-conventions, opentelemetry-exporter-otlp-proto-common, opentelemetry-exporter-http-transport, matplotlib, httpx, aiohttp, typer, seaborn, opentelemetry-sdk, huggingface-hub, tokenizers, opentelemetry-exporter-otlp-common, datasets, accelerate, transformers, opentelemetry-exporter-otlp-proto-http, wandb, transformers-stream-generator, transformer-lens
ERROR: Could not install packages due to an OSError: [Errno 28] No space left on device



[notice] A new release of pip is available: 25.2 -> 26.2.1
[notice] To update, run: C:\Users\USER\Desktop\code\MINTS\.venv-review\Scripts\python.exe -m pip install --upgrade pip
