[MINTS 00:58:35] Creating required data/results directories
[MINTS 00:58:35] Starting step: write_config
[MINTS 00:58:35] Writing config snapshot to G:\mints-repro-20261004\run\results\manifests\pipeline_config.json
[MINTS 00:58:35] Completed step: write_config in 0.001s
[MINTS 00:58:35] Starting step: ingest_hf_downstream
[MINTS 00:58:35] Preparing Hugging Face downstream task datasets
Warning: You are sending unauthenticated requests to the HF Hub. Please set a HF_TOKEN to enable higher rate limits and faster downloads.
[MINTS 00:59:22] Preparing HF downstream task: promoter_tata
[MINTS 00:59:22] Filtering train split for task=promoter_tata
[MINTS 00:59:22] Filtering test split for task=promoter_tata
[MINTS 00:59:22] Saving tokenized dataset for promoter_tata to G:\mints-repro-20261004\run\data\hf_downstream\promoter_tata

Saving the dataset (0/1 shards):   0%|          | 0/5062 [00:00<?, ? examples/s]
Saving the dataset (1/1 shards): 100%|##########| 5062/5062 [00:00<00:00, 77880.28 examples/s]
Saving the dataset (1/1 shards): 100%|##########| 5062/5062 [00:00<00:00, 77677.98 examples/s]

Saving the dataset (0/1 shards):   0%|          | 0/212 [00:00<?, ? examples/s]
Saving the dataset (1/1 shards): 100%|##########| 212/212 [00:00<00:00, 23624.86 examples/s]
Saving the dataset (1/1 shards): 100%|##########| 212/212 [00:00<00:00, 22889.60 examples/s]
[MINTS 00:59:24] Preparing HF downstream task: promoter_no_tata
[MINTS 00:59:24] Filtering train split for task=promoter_no_tata
[MINTS 00:59:24] Filtering test split for task=promoter_no_tata
[MINTS 00:59:26] Saving tokenized dataset for promoter_no_tata to G:\mints-repro-20261004\run\data\hf_downstream\promoter_no_tata

Saving the dataset (0/1 shards):   0%|          | 0/30000 [00:00<?, ? examples/s]
Saving the dataset (0/1 shards):  63%|######3   | 19000/30000 [00:00<00:00, 126821.40 examples/s]
Saving the dataset (1/1 shards): 100%|##########| 30000/30000 [00:01<00:00, 126821.40 examples/s]
Saving the dataset (1/1 shards): 100%|##########| 30000/30000 [00:01<00:00, 25725.90 examples/s] 

Saving the dataset (0/1 shards):   0%|          | 0/1372 [00:00<?, ? examples/s]
Saving the dataset (1/1 shards): 100%|##########| 1372/1372 [00:00<00:00, 118795.75 examples/s]
Saving the dataset (1/1 shards): 100%|##########| 1372/1372 [00:00<00:00, 116846.74 examples/s]
[MINTS 00:59:32] Preparing HF downstream task: splice_sites_donors
[MINTS 00:59:32] Filtering train split for task=splice_sites_donors
[MINTS 00:59:32] Filtering test split for task=splice_sites_donors
[MINTS 00:59:34] Saving tokenized dataset for splice_sites_donors to G:\mints-repro-20261004\run\data\hf_downstream\splice_sites_donors

Saving the dataset (0/1 shards):   0%|          | 0/30000 [00:00<?, ? examples/s]
Saving the dataset (0/1 shards):  40%|####      | 12000/30000 [00:00<00:00, 102268.29 examples/s]
Saving the dataset (0/1 shards):  80%|########  | 24000/30000 [00:00<00:00, 33899.90 examples/s] 
Saving the dataset (1/1 shards): 100%|##########| 30000/30000 [00:00<00:00, 33899.90 examples/s]
Saving the dataset (1/1 shards): 100%|##########| 30000/30000 [00:00<00:00, 38347.74 examples/s]

Saving the dataset (0/1 shards):   0%|          | 0/3000 [00:00<?, ? examples/s]
Saving the dataset (1/1 shards): 100%|##########| 3000/3000 [00:00<00:00, 75416.32 examples/s]
Saving the dataset (1/1 shards): 100%|##########| 3000/3000 [00:00<00:00, 75040.33 examples/s]
[MINTS 00:59:40] Preparing HF downstream task: splice_sites_acceptors
[MINTS 00:59:40] Filtering train split for task=splice_sites_acceptors
[MINTS 00:59:40] Filtering test split for task=splice_sites_acceptors
[MINTS 00:59:42] Saving tokenized dataset for splice_sites_acceptors to G:\mints-repro-20261004\run\data\hf_downstream\splice_sites_acceptors

Saving the dataset (0/1 shards):   0%|          | 0/30000 [00:00<?, ? examples/s]
Saving the dataset (0/1 shards):  40%|####      | 12000/30000 [00:00<00:00, 80710.65 examples/s]
Saving the dataset (0/1 shards):  77%|#######6  | 23000/30000 [00:00<00:00, 49001.20 examples/s]
Saving the dataset (0/1 shards):  97%|#########6| 29000/30000 [00:00<00:00, 35290.68 examples/s]
Saving the dataset (1/1 shards): 100%|##########| 30000/30000 [00:00<00:00, 35290.68 examples/s]
Saving the dataset (1/1 shards): 100%|##########| 30000/30000 [00:00<00:00, 38127.39 examples/s]

Saving the dataset (0/1 shards):   0%|          | 0/3000 [00:00<?, ? examples/s]
Saving the dataset (1/1 shards): 100%|##########| 3000/3000 [00:00<00:00, 69483.15 examples/s]
Saving the dataset (1/1 shards): 100%|##########| 3000/3000 [00:00<00:00, 69101.19 examples/s]
[MINTS 00:59:47] Completed step: ingest_hf_downstream in 72.599s
[MINTS 00:59:47] Starting step: download_encode_ctcf
[MINTS 00:59:47] Checking ENCODE CTCF artifacts
[MINTS 00:59:47] Checking ENCODE artifact: ENCFF827JRI.bed.gz

ENCFF827JRI.bed.gz:   0%|          | 0.00/829k [00:00<?, ?B/s]
ENCFF827JRI.bed.gz: 100%|##########| 829k/829k [00:01<00:00, 499kB/s]
ENCFF827JRI.bed.gz: 100%|##########| 829k/829k [00:01<00:00, 499kB/s]
[MINTS 00:59:52] Completed step: download_encode_ctcf in 4.482s
[MINTS 00:59:52] Starting step: download_grch38
[MINTS 00:59:52] Checking GRCh38 FASTA

hg38.fa.gz:   0%|          | 0.00/984M [00:00<?, ?B/s]
hg38.fa.gz:   0%|          | 1.05M/984M [00:01<26:44, 612kB/s]
hg38.fa.gz:   0%|          | 2.10M/984M [00:02<13:40, 1.20MB/s]
hg38.fa.gz:   0%|          | 3.15M/984M [00:02<09:26, 1.73MB/s]
hg38.fa.gz:   0%|          | 4.19M/984M [00:02<09:09, 1.78MB/s]
hg38.fa.gz:   1%|          | 7.34M/984M [00:03<04:22, 3.71MB/s]
hg38.fa.gz:   1%|          | 8.39M/984M [00:03<04:15, 3.81MB/s]
hg38.fa.gz:   1%|          | 9.44M/984M [00:03<04:41, 3.47MB/s]
hg38.fa.gz:   1%|1         | 13.6M/984M [00:04<02:37, 6.18MB/s]
hg38.fa.gz:   1%|1         | 14.7M/984M [00:04<03:40, 4.40MB/s]
hg38.fa.gz:   2%|1         | 17.8M/984M [00:04<02:44, 5.85MB/s]
hg38.fa.gz:   2%|1         | 18.9M/984M [00:05<03:00, 5.34MB/s]
hg38.fa.gz:   2%|2         | 19.9M/984M [00:05<03:12, 5.01MB/s]
hg38.fa.gz:   2%|2         | 22.0M/984M [00:05<02:54, 5.51MB/s]
hg38.fa.gz:   2%|2         | 23.1M/984M [00:06<03:08, 5.09MB/s]
hg38.fa.gz:   3%|2         | 25.2M/984M [00:06<02:49, 5.65MB/s]
hg38.fa.gz:   3%|2         | 26.2M/984M [00:06<03:04, 5.20MB/s]
hg38.fa.gz:   3%|2         | 28.3M/984M [00:06<02:46, 5.75MB/s]
hg38.fa.gz:   3%|2         | 29.4M/984M [00:07<02:57, 5.38MB/s]
hg38.fa.gz:   3%|3         | 31.5M/984M [00:07<02:45, 5.77MB/s]
hg38.fa.gz:   3%|3         | 33.6M/984M [00:07<02:35, 6.09MB/s]
hg38.fa.gz:   4%|3         | 34.6M/984M [00:08<02:49, 5.61MB/s]
hg38.fa.gz:   4%|3         | 36.7M/984M [00:08<02:37, 6.03MB/s]
hg38.fa.gz:   4%|3         | 37.7M/984M [00:08<02:48, 5.62MB/s]
hg38.fa.gz:   4%|4         | 39.8M/984M [00:08<02:38, 5.97MB/s]
hg38.fa.gz:   4%|4         | 41.9M/984M [00:09<02:30, 6.26MB/s]
hg38.fa.gz:   4%|4         | 43.0M/984M [00:09<02:44, 5.73MB/s]
hg38.fa.gz:   5%|4         | 45.1M/984M [00:09<02:35, 6.04MB/s]
hg38.fa.gz:   5%|4         | 47.2M/984M [00:10<02:28, 6.30MB/s]
hg38.fa.gz:   5%|4         | 48.2M/984M [00:10<02:39, 5.85MB/s]
hg38.fa.gz:   5%|5         | 50.3M/984M [00:10<02:31, 6.17MB/s]
hg38.fa.gz:   5%|5         | 52.4M/984M [00:10<02:26, 6.36MB/s]
hg38.fa.gz:   5%|5         | 53.5M/984M [00:11<02:37, 5.92MB/s]
hg38.fa.gz:   6%|5         | 55.6M/984M [00:11<02:29, 6.23MB/s]
hg38.fa.gz:   6%|5         | 57.7M/984M [00:11<02:25, 6.37MB/s]
hg38.fa.gz:   6%|5         | 58.7M/984M [00:12<02:35, 5.94MB/s]
hg38.fa.gz:   6%|6         | 60.8M/984M [00:12<02:27, 6.26MB/s]
hg38.fa.gz:   6%|6         | 61.9M/984M [00:12<02:29, 6.15MB/s]
hg38.fa.gz:   6%|6         | 62.9M/984M [00:12<02:22, 6.46MB/s]
hg38.fa.gz:   7%|6         | 64.0M/984M [00:12<02:35, 5.91MB/s]
hg38.fa.gz:   7%|6         | 66.1M/984M [00:13<02:26, 6.27MB/s]
hg38.fa.gz:   7%|6         | 67.1M/984M [00:13<02:28, 6.19MB/s]
hg38.fa.gz:   7%|6         | 68.2M/984M [00:13<02:22, 6.42MB/s]
hg38.fa.gz:   7%|7         | 69.2M/984M [00:13<02:35, 5.90MB/s]
hg38.fa.gz:   7%|7         | 71.3M/984M [00:14<02:26, 6.24MB/s]
hg38.fa.gz:   7%|7         | 72.4M/984M [00:14<02:29, 6.11MB/s]
hg38.fa.gz:   7%|7         | 73.4M/984M [00:14<02:20, 6.46MB/s]
hg38.fa.gz:   8%|7         | 74.4M/984M [00:14<02:32, 5.95MB/s]
hg38.fa.gz:   8%|7         | 76.5M/984M [00:14<02:24, 6.26MB/s]
hg38.fa.gz:   8%|7         | 77.6M/984M [00:15<02:26, 6.17MB/s]
hg38.fa.gz:   8%|7         | 78.6M/984M [00:15<02:18, 6.55MB/s]
hg38.fa.gz:   8%|8         | 79.7M/984M [00:15<02:31, 5.96MB/s]
hg38.fa.gz:   8%|8         | 81.8M/984M [00:15<02:24, 6.26MB/s]
hg38.fa.gz:   8%|8         | 82.8M/984M [00:15<02:20, 6.40MB/s]
hg38.fa.gz:   9%|8         | 83.9M/984M [00:15<02:17, 6.52MB/s]
hg38.fa.gz:   9%|8         | 84.9M/984M [00:16<02:32, 5.89MB/s]
hg38.fa.gz:   9%|8         | 87.0M/984M [00:16<02:24, 6.21MB/s]
hg38.fa.gz:   9%|9         | 89.1M/984M [00:16<02:18, 6.44MB/s]
hg38.fa.gz:   9%|9         | 90.2M/984M [00:17<02:28, 6.00MB/s]
hg38.fa.gz:   9%|9         | 92.3M/984M [00:17<02:22, 6.26MB/s]
hg38.fa.gz:  10%|9         | 94.4M/984M [00:17<02:20, 6.33MB/s]
hg38.fa.gz:  10%|9         | 95.4M/984M [00:17<02:19, 6.38MB/s]
hg38.fa.gz:  10%|9         | 96.5M/984M [00:17<02:12, 6.70MB/s]
hg38.fa.gz:  10%|9         | 97.5M/984M [00:18<02:25, 6.09MB/s]
hg38.fa.gz:  10%|#         | 99.6M/984M [00:18<02:17, 6.44MB/s]
hg38.fa.gz:  10%|#         | 102M/984M [00:18<02:19, 6.34MB/s] 
hg38.fa.gz:  10%|#         | 103M/984M [00:18<02:15, 6.49MB/s]
hg38.fa.gz:  11%|#         | 104M/984M [00:19<02:12, 6.64MB/s]
hg38.fa.gz:  11%|#         | 105M/984M [00:19<02:17, 6.37MB/s]
hg38.fa.gz:  11%|#         | 106M/984M [00:19<02:08, 6.82MB/s]
hg38.fa.gz:  11%|#         | 107M/984M [00:19<02:18, 6.34MB/s]
hg38.fa.gz:  11%|#1        | 109M/984M [00:19<02:12, 6.60MB/s]
hg38.fa.gz:  11%|#1        | 111M/984M [00:20<02:08, 6.80MB/s]
hg38.fa.gz:  12%|#1        | 113M/984M [00:20<02:14, 6.49MB/s]
hg38.fa.gz:  12%|#1        | 115M/984M [00:20<02:09, 6.69MB/s]
hg38.fa.gz:  12%|#1        | 117M/984M [00:21<02:07, 6.77MB/s]
hg38.fa.gz:  12%|#2        | 120M/984M [00:21<02:04, 6.95MB/s]
hg38.fa.gz:  12%|#2        | 122M/984M [00:21<02:03, 6.99MB/s]
hg38.fa.gz:  13%|#2        | 124M/984M [00:22<01:59, 7.20MB/s]
hg38.fa.gz:  13%|#2        | 126M/984M [00:22<01:58, 7.27MB/s]
hg38.fa.gz:  13%|#3        | 128M/984M [00:22<01:51, 7.64MB/s]
hg38.fa.gz:  13%|#3        | 130M/984M [00:22<01:52, 7.58MB/s]
hg38.fa.gz:  13%|#3        | 132M/984M [00:23<01:47, 7.95MB/s]
hg38.fa.gz:  14%|#3        | 133M/984M [00:23<01:46, 7.99MB/s]
hg38.fa.gz:  14%|#3        | 134M/984M [00:23<01:41, 8.38MB/s]
hg38.fa.gz:  14%|#3        | 135M/984M [00:23<01:51, 7.60MB/s]
hg38.fa.gz:  14%|#3        | 137M/984M [00:23<01:41, 8.33MB/s]
hg38.fa.gz:  14%|#4        | 138M/984M [00:23<01:39, 8.53MB/s]
hg38.fa.gz:  14%|#4        | 139M/984M [00:23<01:47, 7.84MB/s]
hg38.fa.gz:  14%|#4        | 142M/984M [00:24<01:26, 9.77MB/s]
hg38.fa.gz:  14%|#4        | 143M/984M [00:24<01:43, 8.16MB/s]
hg38.fa.gz:  15%|#4        | 145M/984M [00:24<01:39, 8.43MB/s]
hg38.fa.gz:  15%|#4        | 146M/984M [00:24<01:36, 8.73MB/s]
hg38.fa.gz:  15%|#5        | 148M/984M [00:24<01:37, 8.57MB/s]
hg38.fa.gz:  15%|#5        | 150M/984M [00:25<01:32, 8.98MB/s]
hg38.fa.gz:  15%|#5        | 151M/984M [00:25<01:32, 8.99MB/s]
hg38.fa.gz:  16%|#5        | 153M/984M [00:25<01:28, 9.44MB/s]
hg38.fa.gz:  16%|#5        | 155M/984M [00:26<02:31, 5.46MB/s]
hg38.fa.gz:  16%|#6        | 159M/984M [00:26<01:45, 7.81MB/s]
hg38.fa.gz:  16%|#6        | 160M/984M [00:27<03:08, 4.37MB/s]
hg38.fa.gz:  17%|#6        | 164M/984M [00:27<02:26, 5.60MB/s]
hg38.fa.gz:  17%|#6        | 165M/984M [00:28<03:14, 4.21MB/s]
hg38.fa.gz:  17%|#7        | 168M/984M [00:28<02:25, 5.61MB/s]
hg38.fa.gz:  17%|#7        | 169M/984M [00:28<02:36, 5.20MB/s]
hg38.fa.gz:  17%|#7        | 170M/984M [00:28<02:43, 4.97MB/s]
hg38.fa.gz:  17%|#7        | 171M/984M [00:29<02:53, 4.67MB/s]
hg38.fa.gz:  18%|#7        | 173M/984M [00:29<02:38, 5.12MB/s]
hg38.fa.gz:  18%|#7        | 174M/984M [00:29<02:50, 4.75MB/s]
hg38.fa.gz:  18%|#7        | 175M/984M [00:30<02:58, 4.53MB/s]
hg38.fa.gz:  18%|#7        | 176M/984M [00:30<03:06, 4.32MB/s]
hg38.fa.gz:  18%|#8        | 177M/984M [00:30<03:08, 4.28MB/s]
hg38.fa.gz:  18%|#8        | 179M/984M [00:31<02:43, 4.91MB/s]
hg38.fa.gz:  18%|#8        | 180M/984M [00:31<02:52, 4.66MB/s]
hg38.fa.gz:  18%|#8        | 181M/984M [00:31<03:02, 4.39MB/s]
hg38.fa.gz:  19%|#8        | 182M/984M [00:31<03:00, 4.43MB/s]
hg38.fa.gz:  19%|#8        | 185M/984M [00:32<02:41, 4.94MB/s]
hg38.fa.gz:  19%|#8        | 186M/984M [00:32<02:53, 4.60MB/s]
hg38.fa.gz:  19%|#8        | 187M/984M [00:32<02:56, 4.51MB/s]
hg38.fa.gz:  19%|#9        | 189M/984M [00:33<02:38, 5.01MB/s]
hg38.fa.gz:  19%|#9        | 190M/984M [00:33<02:47, 4.74MB/s]
hg38.fa.gz:  19%|#9        | 191M/984M [00:33<02:58, 4.45MB/s]
hg38.fa.gz:  20%|#9        | 193M/984M [00:33<02:33, 5.15MB/s]
hg38.fa.gz:  20%|#9        | 194M/984M [00:34<02:44, 4.79MB/s]
hg38.fa.gz:  20%|#9        | 195M/984M [00:34<02:52, 4.57MB/s]
hg38.fa.gz:  20%|#9        | 196M/984M [00:34<02:51, 4.59MB/s]
hg38.fa.gz:  20%|##        | 197M/984M [00:34<02:26, 5.37MB/s]
hg38.fa.gz:  20%|##        | 198M/984M [00:35<02:39, 4.94MB/s]
hg38.fa.gz:  20%|##        | 199M/984M [00:35<02:49, 4.62MB/s]
hg38.fa.gz:  20%|##        | 200M/984M [00:35<02:48, 4.66MB/s]
hg38.fa.gz:  20%|##        | 201M/984M [00:35<02:22, 5.49MB/s]
hg38.fa.gz:  21%|##        | 202M/984M [00:35<02:37, 4.95MB/s]
hg38.fa.gz:  21%|##        | 203M/984M [00:36<02:48, 4.62MB/s]
hg38.fa.gz:  21%|##        | 204M/984M [00:36<02:46, 4.68MB/s]
hg38.fa.gz:  21%|##        | 206M/984M [00:36<02:21, 5.51MB/s]
hg38.fa.gz:  21%|##1       | 207M/984M [00:36<02:37, 4.93MB/s]
hg38.fa.gz:  21%|##1       | 208M/984M [00:36<02:48, 4.62MB/s]
hg38.fa.gz:  21%|##1       | 209M/984M [00:37<02:50, 4.55MB/s]
hg38.fa.gz:  21%|##1       | 211M/984M [00:37<02:32, 5.08MB/s]
hg38.fa.gz:  22%|##1       | 212M/984M [00:37<02:40, 4.81MB/s]
hg38.fa.gz:  22%|##1       | 213M/984M [00:38<02:44, 4.68MB/s]
hg38.fa.gz:  22%|##1       | 215M/984M [00:38<02:29, 5.12MB/s]
hg38.fa.gz:  22%|##1       | 216M/984M [00:38<02:39, 4.82MB/s]
hg38.fa.gz:  22%|##2       | 217M/984M [00:38<02:43, 4.67MB/s]
hg38.fa.gz:  22%|##2       | 218M/984M [00:39<02:28, 5.17MB/s]
hg38.fa.gz:  22%|##2       | 219M/984M [00:39<02:26, 5.23MB/s]
hg38.fa.gz:  22%|##2       | 220M/984M [00:39<02:43, 4.67MB/s]
hg38.fa.gz:  22%|##2       | 221M/984M [00:39<02:42, 4.70MB/s]
hg38.fa.gz:  23%|##2       | 222M/984M [00:39<02:25, 5.25MB/s]
hg38.fa.gz:  23%|##2       | 223M/984M [00:40<02:24, 5.25MB/s]
hg38.fa.gz:  23%|##2       | 224M/984M [00:40<02:38, 4.78MB/s]
hg38.fa.gz:  23%|##2       | 225M/984M [00:40<02:34, 4.92MB/s]
hg38.fa.gz:  23%|##3       | 226M/984M [00:40<02:14, 5.61MB/s]
hg38.fa.gz:  23%|##3       | 228M/984M [00:40<02:28, 5.08MB/s]
hg38.fa.gz:  23%|##3       | 229M/984M [00:41<02:35, 4.87MB/s]
hg38.fa.gz:  23%|##3       | 230M/984M [00:41<02:34, 4.89MB/s]
hg38.fa.gz:  23%|##3       | 231M/984M [00:41<02:14, 5.61MB/s]
hg38.fa.gz:  24%|##3       | 232M/984M [00:41<02:30, 5.01MB/s]
hg38.fa.gz:  24%|##3       | 233M/984M [00:41<02:27, 5.11MB/s]
hg38.fa.gz:  24%|##3       | 234M/984M [00:42<02:10, 5.73MB/s]
hg38.fa.gz:  24%|##3       | 235M/984M [00:42<02:23, 5.23MB/s]
hg38.fa.gz:  24%|##3       | 236M/984M [00:42<02:27, 5.08MB/s]
hg38.fa.gz:  24%|##4       | 237M/984M [00:42<02:05, 5.97MB/s]
hg38.fa.gz:  24%|##4       | 238M/984M [00:42<02:18, 5.37MB/s]
hg38.fa.gz:  24%|##4       | 239M/984M [00:43<02:24, 5.14MB/s]
hg38.fa.gz:  25%|##4       | 241M/984M [00:43<02:14, 5.54MB/s]
hg38.fa.gz:  25%|##4       | 242M/984M [00:43<02:15, 5.46MB/s]
hg38.fa.gz:  25%|##4       | 244M/984M [00:44<02:10, 5.66MB/s]
hg38.fa.gz:  25%|##4       | 245M/984M [00:44<02:13, 5.55MB/s]
hg38.fa.gz:  25%|##5       | 246M/984M [00:44<02:00, 6.12MB/s]
hg38.fa.gz:  25%|##5       | 247M/984M [00:44<02:07, 5.77MB/s]
hg38.fa.gz:  25%|##5       | 249M/984M [00:44<01:53, 6.48MB/s]
hg38.fa.gz:  25%|##5       | 250M/984M [00:44<02:03, 5.94MB/s]
hg38.fa.gz:  25%|##5       | 251M/984M [00:45<02:07, 5.74MB/s]
hg38.fa.gz:  26%|##5       | 252M/984M [00:45<01:56, 6.27MB/s]
hg38.fa.gz:  26%|##5       | 253M/984M [00:45<01:56, 6.27MB/s]
hg38.fa.gz:  26%|##5       | 254M/984M [00:45<01:48, 6.71MB/s]
hg38.fa.gz:  26%|##5       | 255M/984M [00:45<01:55, 6.32MB/s]
hg38.fa.gz:  26%|##6       | 257M/984M [00:46<01:47, 6.75MB/s]
hg38.fa.gz:  26%|##6       | 258M/984M [00:46<01:42, 7.09MB/s]
hg38.fa.gz:  26%|##6       | 259M/984M [00:46<01:49, 6.62MB/s]
hg38.fa.gz:  26%|##6       | 260M/984M [00:46<01:38, 7.33MB/s]
hg38.fa.gz:  27%|##6       | 261M/984M [00:46<01:49, 6.63MB/s]
hg38.fa.gz:  27%|##6       | 263M/984M [00:46<01:43, 6.94MB/s]
hg38.fa.gz:  27%|##6       | 264M/984M [00:46<01:35, 7.55MB/s]
hg38.fa.gz:  27%|##6       | 265M/984M [00:47<01:41, 7.07MB/s]
hg38.fa.gz:  27%|##7       | 267M/984M [00:47<01:34, 7.58MB/s]
hg38.fa.gz:  27%|##7       | 268M/984M [00:47<01:33, 7.62MB/s]
hg38.fa.gz:  27%|##7       | 269M/984M [00:47<01:31, 7.77MB/s]
hg38.fa.gz:  28%|##7       | 271M/984M [00:47<01:32, 7.71MB/s]
hg38.fa.gz:  28%|##7       | 272M/984M [00:47<01:35, 7.48MB/s]
hg38.fa.gz:  28%|##7       | 274M/984M [00:48<01:20, 8.78MB/s]
hg38.fa.gz:  28%|##7       | 275M/984M [00:48<01:31, 7.76MB/s]
hg38.fa.gz:  28%|##8       | 277M/984M [00:48<01:24, 8.37MB/s]
hg38.fa.gz:  28%|##8       | 278M/984M [00:48<01:21, 8.67MB/s]
hg38.fa.gz:  28%|##8       | 279M/984M [00:48<01:28, 7.93MB/s]
hg38.fa.gz:  29%|##8       | 281M/984M [00:49<01:18, 8.96MB/s]
hg38.fa.gz:  29%|##8       | 282M/984M [00:49<01:19, 8.77MB/s]
hg38.fa.gz:  29%|##8       | 284M/984M [00:49<01:09, 10.0MB/s]
hg38.fa.gz:  29%|##8       | 285M/984M [00:49<01:20, 8.63MB/s]
hg38.fa.gz:  29%|##9       | 287M/984M [00:49<01:15, 9.27MB/s]
hg38.fa.gz:  29%|##9       | 288M/984M [00:49<01:13, 9.43MB/s]
hg38.fa.gz:  30%|##9       | 290M/984M [00:50<01:12, 9.53MB/s]
hg38.fa.gz:  30%|##9       | 293M/984M [00:50<01:07, 10.2MB/s]
hg38.fa.gz:  30%|##9       | 294M/984M [00:50<01:35, 7.24MB/s]
hg38.fa.gz:  30%|###       | 297M/984M [00:51<01:54, 6.01MB/s]
hg38.fa.gz:  30%|###       | 298M/984M [00:51<02:01, 5.64MB/s]
hg38.fa.gz:  30%|###       | 300M/984M [00:51<01:52, 6.10MB/s]
hg38.fa.gz:  31%|###       | 301M/984M [00:52<02:44, 4.14MB/s]
hg38.fa.gz:  31%|###       | 302M/984M [00:52<02:50, 4.00MB/s]
hg38.fa.gz:  31%|###       | 304M/984M [00:52<02:19, 4.89MB/s]
hg38.fa.gz:  31%|###1      | 305M/984M [00:53<02:29, 4.54MB/s]
hg38.fa.gz:  31%|###1      | 306M/984M [00:53<02:37, 4.30MB/s]
hg38.fa.gz:  31%|###1      | 307M/984M [00:53<02:44, 4.12MB/s]
hg38.fa.gz:  31%|###1      | 308M/984M [00:54<03:01, 3.73MB/s]
hg38.fa.gz:  31%|###1      | 309M/984M [00:54<02:43, 4.14MB/s]
hg38.fa.gz:  32%|###1      | 311M/984M [00:54<02:23, 4.69MB/s]
hg38.fa.gz:  32%|###1      | 312M/984M [00:54<02:27, 4.56MB/s]
hg38.fa.gz:  32%|###1      | 314M/984M [00:55<02:37, 4.26MB/s]
hg38.fa.gz:  32%|###2      | 316M/984M [00:55<02:11, 5.09MB/s]
hg38.fa.gz:  32%|###2      | 317M/984M [00:55<02:19, 4.79MB/s]
hg38.fa.gz:  32%|###2      | 319M/984M [00:56<02:03, 5.38MB/s]
hg38.fa.gz:  33%|###2      | 320M/984M [00:56<02:13, 4.97MB/s]
hg38.fa.gz:  33%|###2      | 322M/984M [00:56<01:57, 5.62MB/s]
hg38.fa.gz:  33%|###2      | 323M/984M [00:56<02:08, 5.14MB/s]
hg38.fa.gz:  33%|###3      | 325M/984M [00:57<01:55, 5.69MB/s]
hg38.fa.gz:  33%|###3      | 327M/984M [00:57<01:47, 6.11MB/s]
hg38.fa.gz:  33%|###3      | 328M/984M [00:57<01:53, 5.78MB/s]
hg38.fa.gz:  34%|###3      | 330M/984M [00:58<01:52, 5.81MB/s]
hg38.fa.gz:  34%|###3      | 332M/984M [00:58<01:43, 6.27MB/s]
hg38.fa.gz:  34%|###4      | 334M/984M [00:58<01:39, 6.54MB/s]
hg38.fa.gz:  34%|###4      | 336M/984M [00:58<01:44, 6.20MB/s]
hg38.fa.gz:  34%|###4      | 338M/984M [00:59<01:42, 6.32MB/s]
hg38.fa.gz:  35%|###4      | 340M/984M [00:59<01:38, 6.53MB/s]
hg38.fa.gz:  35%|###4      | 342M/984M [00:59<01:39, 6.46MB/s]
hg38.fa.gz:  35%|###4      | 344M/984M [01:00<01:32, 6.91MB/s]
hg38.fa.gz:  35%|###5      | 346M/984M [01:00<01:31, 6.96MB/s]
hg38.fa.gz:  35%|###5      | 348M/984M [01:00<01:33, 6.83MB/s]
hg38.fa.gz:  36%|###5      | 350M/984M [01:00<01:27, 7.27MB/s]
hg38.fa.gz:  36%|###5      | 352M/984M [01:01<01:31, 6.91MB/s]
hg38.fa.gz:  36%|###6      | 354M/984M [01:01<01:43, 6.06MB/s]
hg38.fa.gz:  36%|###6      | 358M/984M [01:01<01:15, 8.32MB/s]
hg38.fa.gz:  36%|###6      | 359M/984M [01:02<01:23, 7.48MB/s]
hg38.fa.gz:  37%|###6      | 360M/984M [01:02<01:31, 6.82MB/s]
hg38.fa.gz:  37%|###6      | 362M/984M [01:02<01:27, 7.13MB/s]
hg38.fa.gz:  37%|###6      | 364M/984M [01:02<01:27, 7.10MB/s]
hg38.fa.gz:  37%|###7      | 366M/984M [01:03<01:28, 7.00MB/s]
hg38.fa.gz:  37%|###7      | 368M/984M [01:03<01:25, 7.22MB/s]
hg38.fa.gz:  38%|###7      | 370M/984M [01:03<01:22, 7.39MB/s]
hg38.fa.gz:  38%|###7      | 371M/984M [01:03<01:19, 7.71MB/s]
hg38.fa.gz:  38%|###7      | 372M/984M [01:03<01:23, 7.28MB/s]
hg38.fa.gz:  38%|###7      | 373M/984M [01:04<01:21, 7.49MB/s]
hg38.fa.gz:  38%|###8      | 374M/984M [01:04<01:28, 6.85MB/s]
hg38.fa.gz:  38%|###8      | 376M/984M [01:04<01:36, 6.27MB/s]
hg38.fa.gz:  38%|###8      | 379M/984M [01:04<01:17, 7.80MB/s]
hg38.fa.gz:  39%|###8      | 380M/984M [01:04<01:15, 7.95MB/s]
hg38.fa.gz:  39%|###8      | 381M/984M [01:05<01:20, 7.47MB/s]
hg38.fa.gz:  39%|###8      | 382M/984M [01:05<01:18, 7.65MB/s]
hg38.fa.gz:  39%|###8      | 383M/984M [01:05<01:21, 7.33MB/s]
hg38.fa.gz:  39%|###9      | 384M/984M [01:05<01:18, 7.66MB/s]
hg38.fa.gz:  39%|###9      | 385M/984M [01:05<01:22, 7.28MB/s]
hg38.fa.gz:  39%|###9      | 386M/984M [01:05<01:20, 7.39MB/s]
hg38.fa.gz:  39%|###9      | 387M/984M [01:05<01:20, 7.38MB/s]
hg38.fa.gz:  39%|###9      | 388M/984M [01:06<01:21, 7.35MB/s]
hg38.fa.gz:  40%|###9      | 389M/984M [01:06<01:20, 7.39MB/s]
hg38.fa.gz:  40%|###9      | 390M/984M [01:06<01:19, 7.42MB/s]
hg38.fa.gz:  40%|###9      | 391M/984M [01:06<01:23, 7.09MB/s]
hg38.fa.gz:  40%|###9      | 392M/984M [01:06<01:22, 7.16MB/s]
hg38.fa.gz:  40%|###9      | 393M/984M [01:06<01:19, 7.47MB/s]
hg38.fa.gz:  40%|####      | 394M/984M [01:06<01:22, 7.16MB/s]
hg38.fa.gz:  40%|####      | 395M/984M [01:07<01:22, 7.13MB/s]
hg38.fa.gz:  40%|####      | 396M/984M [01:07<01:22, 7.15MB/s]
hg38.fa.gz:  40%|####      | 397M/984M [01:07<01:49, 5.36MB/s]
hg38.fa.gz:  41%|####      | 401M/984M [01:07<01:25, 6.82MB/s]
hg38.fa.gz:  41%|####      | 403M/984M [01:08<01:13, 7.95MB/s]
hg38.fa.gz:  41%|####1     | 404M/984M [01:08<01:14, 7.83MB/s]
hg38.fa.gz:  41%|####1     | 405M/984M [01:08<01:16, 7.56MB/s]
hg38.fa.gz:  41%|####1     | 406M/984M [01:08<01:11, 8.04MB/s]
hg38.fa.gz:  41%|####1     | 407M/984M [01:08<01:17, 7.44MB/s]
hg38.fa.gz:  41%|####1     | 408M/984M [01:08<01:14, 7.68MB/s]
hg38.fa.gz:  42%|####1     | 409M/984M [01:08<01:16, 7.49MB/s]
hg38.fa.gz:  42%|####1     | 410M/984M [01:09<01:15, 7.58MB/s]
hg38.fa.gz:  42%|####1     | 411M/984M [01:09<01:18, 7.30MB/s]
hg38.fa.gz:  42%|####2     | 413M/984M [01:09<01:17, 7.39MB/s]
hg38.fa.gz:  42%|####2     | 415M/984M [01:09<01:17, 7.37MB/s]
hg38.fa.gz:  42%|####2     | 416M/984M [01:09<01:13, 7.72MB/s]
hg38.fa.gz:  42%|####2     | 417M/984M [01:10<01:18, 7.23MB/s]
hg38.fa.gz:  43%|####2     | 419M/984M [01:10<01:19, 7.08MB/s]
hg38.fa.gz:  43%|####2     | 422M/984M [01:10<01:18, 7.18MB/s]
hg38.fa.gz:  43%|####3     | 424M/984M [01:10<01:15, 7.37MB/s]
hg38.fa.gz:  43%|####3     | 426M/984M [01:11<01:16, 7.32MB/s]
hg38.fa.gz:  43%|####3     | 428M/984M [01:11<01:15, 7.35MB/s]
hg38.fa.gz:  44%|####3     | 430M/984M [01:11<01:13, 7.51MB/s]
hg38.fa.gz:  44%|####3     | 432M/984M [01:12<01:12, 7.64MB/s]
hg38.fa.gz:  44%|####4     | 434M/984M [01:12<01:04, 8.46MB/s]
hg38.fa.gz:  44%|####4     | 435M/984M [01:12<01:12, 7.54MB/s]
hg38.fa.gz:  44%|####4     | 437M/984M [01:12<01:13, 7.46MB/s]
hg38.fa.gz:  45%|####4     | 438M/984M [01:13<01:57, 4.65MB/s]
hg38.fa.gz:  45%|####4     | 441M/984M [01:13<01:26, 6.27MB/s]
hg38.fa.gz:  45%|####4     | 442M/984M [01:13<01:38, 5.48MB/s]
hg38.fa.gz:  45%|####5     | 444M/984M [01:14<02:18, 3.91MB/s]
hg38.fa.gz:  45%|####5     | 446M/984M [01:15<02:20, 3.82MB/s]
hg38.fa.gz:  46%|####5     | 448M/984M [01:15<01:59, 4.47MB/s]
hg38.fa.gz:  46%|####5     | 449M/984M [01:15<02:04, 4.31MB/s]
hg38.fa.gz:  46%|####5     | 450M/984M [01:15<02:05, 4.24MB/s]
hg38.fa.gz:  46%|####5     | 452M/984M [01:16<01:49, 4.84MB/s]
hg38.fa.gz:  46%|####6     | 453M/984M [01:16<01:56, 4.55MB/s]
hg38.fa.gz:  46%|####6     | 454M/984M [01:16<02:00, 4.41MB/s]
hg38.fa.gz:  46%|####6     | 455M/984M [01:17<02:01, 4.35MB/s]
hg38.fa.gz:  46%|####6     | 457M/984M [01:17<01:46, 4.94MB/s]
hg38.fa.gz:  47%|####6     | 458M/984M [01:17<01:52, 4.69MB/s]
hg38.fa.gz:  47%|####6     | 459M/984M [01:17<01:55, 4.55MB/s]
hg38.fa.gz:  47%|####6     | 461M/984M [01:18<01:42, 5.09MB/s]
hg38.fa.gz:  47%|####7     | 462M/984M [01:18<01:50, 4.71MB/s]
hg38.fa.gz:  47%|####7     | 463M/984M [01:18<01:53, 4.59MB/s]
hg38.fa.gz:  47%|####7     | 466M/984M [01:19<01:40, 5.17MB/s]
hg38.fa.gz:  47%|####7     | 467M/984M [01:19<01:48, 4.77MB/s]
hg38.fa.gz:  48%|####7     | 468M/984M [01:19<01:48, 4.77MB/s]
hg38.fa.gz:  48%|####7     | 469M/984M [01:19<01:32, 5.55MB/s]
hg38.fa.gz:  48%|####7     | 470M/984M [01:19<01:45, 4.88MB/s]
hg38.fa.gz:  48%|####7     | 471M/984M [01:20<01:46, 4.80MB/s]
hg38.fa.gz:  48%|####8     | 473M/984M [01:20<01:37, 5.23MB/s]
hg38.fa.gz:  48%|####8     | 474M/984M [01:20<01:42, 4.97MB/s]
hg38.fa.gz:  48%|####8     | 475M/984M [01:21<01:47, 4.74MB/s]
hg38.fa.gz:  49%|####8     | 477M/984M [01:21<01:40, 5.02MB/s]
hg38.fa.gz:  49%|####8     | 478M/984M [01:21<01:38, 5.12MB/s]
hg38.fa.gz:  49%|####8     | 479M/984M [01:21<01:26, 5.83MB/s]
hg38.fa.gz:  49%|####8     | 480M/984M [01:22<01:38, 5.09MB/s]
hg38.fa.gz:  49%|####8     | 481M/984M [01:22<01:43, 4.83MB/s]
hg38.fa.gz:  49%|####9     | 482M/984M [01:22<01:47, 4.68MB/s]
hg38.fa.gz:  49%|####9     | 483M/984M [01:22<01:31, 5.48MB/s]
hg38.fa.gz:  49%|####9     | 484M/984M [01:22<01:41, 4.93MB/s]
hg38.fa.gz:  49%|####9     | 485M/984M [01:23<01:41, 4.89MB/s]
hg38.fa.gz:  50%|####9     | 488M/984M [01:23<01:33, 5.30MB/s]
hg38.fa.gz:  50%|####9     | 489M/984M [01:23<01:36, 5.13MB/s]
hg38.fa.gz:  50%|####9     | 490M/984M [01:23<01:45, 4.68MB/s]
hg38.fa.gz:  50%|####9     | 492M/984M [01:24<01:35, 5.17MB/s]
hg38.fa.gz:  50%|#####     | 493M/984M [01:24<01:37, 5.02MB/s]
hg38.fa.gz:  50%|#####     | 495M/984M [01:24<01:31, 5.37MB/s]
hg38.fa.gz:  50%|#####     | 496M/984M [01:25<01:33, 5.19MB/s]
hg38.fa.gz:  51%|#####     | 497M/984M [01:25<01:42, 4.73MB/s]
hg38.fa.gz:  51%|#####     | 499M/984M [01:25<01:33, 5.17MB/s]
hg38.fa.gz:  51%|#####     | 500M/984M [01:25<01:36, 5.03MB/s]
hg38.fa.gz:  51%|#####1    | 502M/984M [01:26<01:29, 5.39MB/s]
hg38.fa.gz:  51%|#####1    | 503M/984M [01:26<01:32, 5.17MB/s]
hg38.fa.gz:  51%|#####1    | 504M/984M [01:26<01:40, 4.76MB/s]
hg38.fa.gz:  51%|#####1    | 506M/984M [01:27<01:27, 5.46MB/s]
hg38.fa.gz:  52%|#####1    | 508M/984M [01:27<01:35, 4.97MB/s]
hg38.fa.gz:  52%|#####1    | 510M/984M [01:27<01:25, 5.57MB/s]
hg38.fa.gz:  52%|#####1    | 511M/984M [01:28<01:33, 5.04MB/s]
hg38.fa.gz:  52%|#####2    | 513M/984M [01:28<01:23, 5.62MB/s]
hg38.fa.gz:  52%|#####2    | 514M/984M [01:28<01:31, 5.14MB/s]
hg38.fa.gz:  52%|#####2    | 516M/984M [01:28<01:21, 5.72MB/s]
hg38.fa.gz:  53%|#####2    | 517M/984M [01:29<01:28, 5.24MB/s]
hg38.fa.gz:  53%|#####2    | 518M/984M [01:29<01:19, 5.89MB/s]
hg38.fa.gz:  53%|#####2    | 519M/984M [01:29<01:22, 5.65MB/s]
hg38.fa.gz:  53%|#####2    | 520M/984M [01:29<01:29, 5.17MB/s]
hg38.fa.gz:  53%|#####3    | 522M/984M [01:30<01:21, 5.69MB/s]
hg38.fa.gz:  53%|#####3    | 523M/984M [01:30<01:15, 6.09MB/s]
hg38.fa.gz:  53%|#####3    | 524M/984M [01:30<01:15, 6.09MB/s]
hg38.fa.gz:  53%|#####3    | 525M/984M [01:30<01:23, 5.46MB/s]
hg38.fa.gz:  54%|#####3    | 526M/984M [01:30<01:12, 6.27MB/s]
hg38.fa.gz:  54%|#####3    | 527M/984M [01:30<01:22, 5.54MB/s]
hg38.fa.gz:  54%|#####3    | 528M/984M [01:31<01:22, 5.53MB/s]
hg38.fa.gz:  54%|#####3    | 531M/984M [01:31<01:14, 6.07MB/s]
hg38.fa.gz:  54%|#####4    | 533M/984M [01:31<01:11, 6.32MB/s]
hg38.fa.gz:  54%|#####4    | 535M/984M [01:32<01:08, 6.52MB/s]
hg38.fa.gz:  55%|#####4    | 537M/984M [01:32<01:07, 6.61MB/s]
hg38.fa.gz:  55%|#####4    | 538M/984M [01:32<01:12, 6.19MB/s]
hg38.fa.gz:  55%|#####4    | 540M/984M [01:32<01:07, 6.55MB/s]
hg38.fa.gz:  55%|#####5    | 542M/984M [01:33<01:04, 6.80MB/s]
hg38.fa.gz:  55%|#####5    | 544M/984M [01:33<01:03, 6.96MB/s]
hg38.fa.gz:  56%|#####5    | 546M/984M [01:33<01:01, 7.08MB/s]
hg38.fa.gz:  56%|#####5    | 548M/984M [01:33<01:00, 7.21MB/s]
hg38.fa.gz:  56%|#####5    | 551M/984M [01:34<00:52, 8.23MB/s]
hg38.fa.gz:  56%|#####6    | 552M/984M [01:34<00:55, 7.85MB/s]
hg38.fa.gz:  56%|#####6    | 554M/984M [01:34<00:53, 7.99MB/s]
hg38.fa.gz:  56%|#####6    | 556M/984M [01:34<00:55, 7.72MB/s]
hg38.fa.gz:  57%|#####6    | 558M/984M [01:35<00:52, 8.08MB/s]
hg38.fa.gz:  57%|#####6    | 559M/984M [01:35<00:50, 8.42MB/s]
hg38.fa.gz:  57%|#####7    | 561M/984M [01:35<00:49, 8.48MB/s]
hg38.fa.gz:  57%|#####7    | 563M/984M [01:35<00:50, 8.34MB/s]
hg38.fa.gz:  57%|#####7    | 565M/984M [01:35<00:43, 9.64MB/s]
hg38.fa.gz:  58%|#####7    | 566M/984M [01:36<00:47, 8.83MB/s]
hg38.fa.gz:  58%|#####7    | 568M/984M [01:36<00:46, 9.00MB/s]
hg38.fa.gz:  58%|#####7    | 570M/984M [01:36<00:40, 10.1MB/s]
hg38.fa.gz:  58%|#####8    | 571M/984M [01:36<00:45, 9.06MB/s]
hg38.fa.gz:  58%|#####8    | 574M/984M [01:36<00:39, 10.4MB/s]
hg38.fa.gz:  59%|#####8    | 576M/984M [01:36<00:41, 9.83MB/s]
hg38.fa.gz:  59%|#####8    | 577M/984M [01:37<00:45, 8.91MB/s]
hg38.fa.gz:  59%|#####8    | 579M/984M [01:37<00:38, 10.6MB/s]
hg38.fa.gz:  59%|#####9    | 581M/984M [01:37<01:02, 6.39MB/s]
hg38.fa.gz:  59%|#####9    | 583M/984M [01:38<01:01, 6.57MB/s]
hg38.fa.gz:  59%|#####9    | 585M/984M [01:38<01:16, 5.23MB/s]
hg38.fa.gz:  60%|#####9    | 586M/984M [01:39<01:42, 3.89MB/s]
hg38.fa.gz:  60%|#####9    | 588M/984M [01:39<01:24, 4.67MB/s]
hg38.fa.gz:  60%|######    | 590M/984M [01:40<01:33, 4.22MB/s]
hg38.fa.gz:  60%|######    | 591M/984M [01:40<01:36, 4.07MB/s]
hg38.fa.gz:  60%|######    | 593M/984M [01:40<01:20, 4.84MB/s]
hg38.fa.gz:  60%|######    | 595M/984M [01:40<01:23, 4.65MB/s]
hg38.fa.gz:  61%|######    | 596M/984M [01:41<01:27, 4.42MB/s]
hg38.fa.gz:  61%|######    | 598M/984M [01:41<01:18, 4.92MB/s]
hg38.fa.gz:  61%|######    | 599M/984M [01:41<01:24, 4.58MB/s]
hg38.fa.gz:  61%|######    | 600M/984M [01:42<01:27, 4.39MB/s]
hg38.fa.gz:  61%|######1   | 601M/984M [01:42<01:26, 4.43MB/s]
hg38.fa.gz:  61%|######1   | 602M/984M [01:42<01:27, 4.35MB/s]
hg38.fa.gz:  61%|######1   | 603M/984M [01:42<01:15, 5.08MB/s]
hg38.fa.gz:  61%|######1   | 604M/984M [01:43<01:21, 4.64MB/s]
hg38.fa.gz:  62%|######1   | 605M/984M [01:43<01:25, 4.44MB/s]
hg38.fa.gz:  62%|######1   | 606M/984M [01:43<01:25, 4.44MB/s]
hg38.fa.gz:  62%|######1   | 608M/984M [01:43<01:15, 4.97MB/s]
hg38.fa.gz:  62%|######1   | 609M/984M [01:44<01:19, 4.72MB/s]
hg38.fa.gz:  62%|######2   | 610M/984M [01:44<01:20, 4.61MB/s]
hg38.fa.gz:  62%|######2   | 612M/984M [01:44<01:16, 4.83MB/s]
hg38.fa.gz:  62%|######2   | 613M/984M [01:45<01:15, 4.91MB/s]
hg38.fa.gz:  62%|######2   | 614M/984M [01:45<01:17, 4.77MB/s]
hg38.fa.gz:  63%|######2   | 617M/984M [01:45<01:11, 5.12MB/s]
hg38.fa.gz:  63%|######2   | 618M/984M [01:45<01:14, 4.91MB/s]
hg38.fa.gz:  63%|######2   | 619M/984M [01:46<01:14, 4.91MB/s]
hg38.fa.gz:  63%|######3   | 620M/984M [01:46<01:06, 5.50MB/s]
hg38.fa.gz:  63%|######3   | 621M/984M [01:46<01:14, 4.85MB/s]
hg38.fa.gz:  63%|######3   | 622M/984M [01:46<01:16, 4.76MB/s]
hg38.fa.gz:  63%|######3   | 624M/984M [01:47<01:08, 5.27MB/s]
hg38.fa.gz:  64%|######3   | 625M/984M [01:47<01:12, 4.97MB/s]
hg38.fa.gz:  64%|######3   | 626M/984M [01:47<01:12, 4.96MB/s]
hg38.fa.gz:  64%|######3   | 627M/984M [01:47<01:03, 5.62MB/s]
hg38.fa.gz:  64%|######3   | 628M/984M [01:47<01:11, 4.94MB/s]
hg38.fa.gz:  64%|######3   | 629M/984M [01:48<01:14, 4.75MB/s]
hg38.fa.gz:  64%|######4   | 630M/984M [01:48<01:12, 4.89MB/s]
hg38.fa.gz:  64%|######4   | 631M/984M [01:48<01:05, 5.35MB/s]
hg38.fa.gz:  64%|######4   | 632M/984M [01:48<01:10, 4.97MB/s]
hg38.fa.gz:  64%|######4   | 633M/984M [01:48<01:13, 4.79MB/s]
hg38.fa.gz:  64%|######4   | 634M/984M [01:49<01:07, 5.15MB/s]
hg38.fa.gz:  65%|######4   | 635M/984M [01:49<01:08, 5.08MB/s]
hg38.fa.gz:  65%|######4   | 636M/984M [01:49<01:11, 4.84MB/s]
hg38.fa.gz:  65%|######4   | 638M/984M [01:49<01:07, 5.11MB/s]
hg38.fa.gz:  65%|######4   | 639M/984M [01:49<01:02, 5.52MB/s]
hg38.fa.gz:  65%|######5   | 640M/984M [01:50<01:09, 4.95MB/s]
hg38.fa.gz:  65%|######5   | 641M/984M [01:50<01:11, 4.78MB/s]
hg38.fa.gz:  65%|######5   | 642M/984M [01:50<01:09, 4.94MB/s]
hg38.fa.gz:  65%|######5   | 643M/984M [01:50<01:05, 5.24MB/s]
hg38.fa.gz:  65%|######5   | 644M/984M [01:51<01:09, 4.88MB/s]
hg38.fa.gz:  66%|######5   | 645M/984M [01:51<01:09, 4.90MB/s]
hg38.fa.gz:  66%|######5   | 646M/984M [01:51<01:09, 4.85MB/s]
hg38.fa.gz:  66%|######5   | 647M/984M [01:51<01:04, 5.26MB/s]
hg38.fa.gz:  66%|######5   | 648M/984M [01:51<01:08, 4.87MB/s]
hg38.fa.gz:  66%|######5   | 649M/984M [01:52<01:03, 5.30MB/s]
hg38.fa.gz:  66%|######6   | 650M/984M [01:52<01:00, 5.51MB/s]
hg38.fa.gz:  66%|######6   | 651M/984M [01:52<01:09, 4.81MB/s]
hg38.fa.gz:  66%|######6   | 652M/984M [01:52<01:06, 5.00MB/s]
hg38.fa.gz:  66%|######6   | 653M/984M [01:52<01:03, 5.18MB/s]
hg38.fa.gz:  67%|######6   | 654M/984M [01:53<01:03, 5.22MB/s]
hg38.fa.gz:  67%|######6   | 655M/984M [01:53<01:05, 5.02MB/s]
hg38.fa.gz:  67%|######6   | 656M/984M [01:53<01:02, 5.27MB/s]
hg38.fa.gz:  67%|######6   | 657M/984M [01:53<00:59, 5.46MB/s]
hg38.fa.gz:  67%|######6   | 659M/984M [01:53<01:03, 5.10MB/s]
hg38.fa.gz:  67%|######7   | 660M/984M [01:54<00:59, 5.40MB/s]
hg38.fa.gz:  67%|######7   | 661M/984M [01:54<00:57, 5.61MB/s]
hg38.fa.gz:  67%|######7   | 662M/984M [01:54<01:00, 5.29MB/s]
hg38.fa.gz:  67%|######7   | 663M/984M [01:54<00:58, 5.46MB/s]
hg38.fa.gz:  67%|######7   | 664M/984M [01:54<00:56, 5.63MB/s]
hg38.fa.gz:  68%|######7   | 665M/984M [01:55<01:00, 5.29MB/s]
hg38.fa.gz:  68%|######7   | 666M/984M [01:55<00:58, 5.48MB/s]
hg38.fa.gz:  68%|######7   | 667M/984M [01:55<00:56, 5.63MB/s]
hg38.fa.gz:  68%|######7   | 668M/984M [01:55<00:57, 5.51MB/s]
hg38.fa.gz:  68%|######8   | 669M/984M [01:55<00:54, 5.81MB/s]
hg38.fa.gz:  68%|######8   | 670M/984M [01:55<00:57, 5.49MB/s]
hg38.fa.gz:  68%|######8   | 671M/984M [01:56<00:52, 5.99MB/s]
hg38.fa.gz:  68%|######8   | 672M/984M [01:56<00:50, 6.18MB/s]
hg38.fa.gz:  68%|######8   | 673M/984M [01:56<00:52, 5.86MB/s]
hg38.fa.gz:  69%|######8   | 674M/984M [01:56<00:50, 6.17MB/s]
hg38.fa.gz:  69%|######8   | 675M/984M [01:56<00:56, 5.50MB/s]
hg38.fa.gz:  69%|######8   | 677M/984M [01:57<00:49, 6.21MB/s]
hg38.fa.gz:  69%|######8   | 678M/984M [01:57<00:50, 6.08MB/s]
hg38.fa.gz:  69%|######9   | 679M/984M [01:57<00:45, 6.68MB/s]
hg38.fa.gz:  69%|######9   | 681M/984M [01:57<00:48, 6.27MB/s]
hg38.fa.gz:  69%|######9   | 683M/984M [01:57<00:44, 6.69MB/s]
hg38.fa.gz:  70%|######9   | 684M/984M [01:58<00:41, 7.18MB/s]
hg38.fa.gz:  70%|######9   | 685M/984M [01:58<00:50, 5.93MB/s]
hg38.fa.gz:  70%|######9   | 687M/984M [01:58<00:45, 6.46MB/s]
hg38.fa.gz:  70%|#######   | 689M/984M [01:58<00:43, 6.71MB/s]
hg38.fa.gz:  70%|#######   | 691M/984M [01:59<00:42, 6.88MB/s]
hg38.fa.gz:  70%|#######   | 693M/984M [01:59<00:38, 7.49MB/s]
hg38.fa.gz:  71%|#######   | 695M/984M [01:59<00:35, 8.07MB/s]
hg38.fa.gz:  71%|#######   | 696M/984M [01:59<00:36, 7.93MB/s]
hg38.fa.gz:  71%|#######   | 697M/984M [01:59<00:35, 8.07MB/s]
hg38.fa.gz:  71%|#######   | 698M/984M [02:00<00:37, 7.69MB/s]
hg38.fa.gz:  71%|#######1  | 700M/984M [02:00<00:37, 7.56MB/s]
hg38.fa.gz:  71%|#######1  | 703M/984M [02:00<00:32, 8.72MB/s]
hg38.fa.gz:  72%|#######1  | 704M/984M [02:00<00:32, 8.65MB/s]
hg38.fa.gz:  72%|#######1  | 705M/984M [02:00<00:31, 8.92MB/s]
hg38.fa.gz:  72%|#######1  | 706M/984M [02:00<00:35, 7.92MB/s]
hg38.fa.gz:  72%|#######1  | 708M/984M [02:01<00:34, 7.99MB/s]
hg38.fa.gz:  72%|#######2  | 710M/984M [02:01<00:27, 9.83MB/s]
hg38.fa.gz:  72%|#######2  | 712M/984M [02:01<00:27, 9.86MB/s]
hg38.fa.gz:  72%|#######2  | 713M/984M [02:01<00:28, 9.54MB/s]
hg38.fa.gz:  73%|#######2  | 714M/984M [02:01<00:29, 9.07MB/s]
hg38.fa.gz:  73%|#######2  | 716M/984M [02:02<00:31, 8.63MB/s]
hg38.fa.gz:  73%|#######3  | 719M/984M [02:02<00:28, 9.30MB/s]
hg38.fa.gz:  73%|#######3  | 722M/984M [02:02<00:26, 9.78MB/s]
hg38.fa.gz:  74%|#######3  | 724M/984M [02:03<00:45, 5.71MB/s]
hg38.fa.gz:  74%|#######3  | 727M/984M [02:03<00:36, 7.06MB/s]
hg38.fa.gz:  74%|#######3  | 728M/984M [02:04<00:53, 4.78MB/s]
hg38.fa.gz:  74%|#######4  | 729M/984M [02:04<00:57, 4.45MB/s]
hg38.fa.gz:  74%|#######4  | 730M/984M [02:04<00:58, 4.33MB/s]
hg38.fa.gz:  74%|#######4  | 732M/984M [02:04<00:49, 5.07MB/s]
hg38.fa.gz:  75%|#######4  | 733M/984M [02:05<01:09, 3.62MB/s]
hg38.fa.gz:  75%|#######4  | 736M/984M [02:05<00:46, 5.31MB/s]
hg38.fa.gz:  75%|#######4  | 737M/984M [02:06<00:50, 4.90MB/s]
hg38.fa.gz:  75%|#######5  | 738M/984M [02:06<00:53, 4.63MB/s]
hg38.fa.gz:  75%|#######5  | 740M/984M [02:06<00:46, 5.27MB/s]
hg38.fa.gz:  75%|#######5  | 741M/984M [02:07<00:50, 4.83MB/s]
hg38.fa.gz:  75%|#######5  | 742M/984M [02:07<00:53, 4.53MB/s]
hg38.fa.gz:  76%|#######5  | 743M/984M [02:07<00:54, 4.37MB/s]
hg38.fa.gz:  76%|#######5  | 746M/984M [02:07<00:47, 5.02MB/s]
hg38.fa.gz:  76%|#######5  | 747M/984M [02:08<00:50, 4.72MB/s]
hg38.fa.gz:  76%|#######6  | 749M/984M [02:08<00:43, 5.35MB/s]
hg38.fa.gz:  76%|#######6  | 750M/984M [02:08<00:48, 4.87MB/s]
hg38.fa.gz:  76%|#######6  | 751M/984M [02:09<00:50, 4.61MB/s]
hg38.fa.gz:  77%|#######6  | 753M/984M [02:09<00:43, 5.25MB/s]
hg38.fa.gz:  77%|#######6  | 754M/984M [02:09<00:47, 4.86MB/s]
hg38.fa.gz:  77%|#######6  | 755M/984M [02:09<00:48, 4.69MB/s]
hg38.fa.gz:  77%|#######6  | 757M/984M [02:10<00:43, 5.22MB/s]
hg38.fa.gz:  77%|#######7  | 758M/984M [02:10<00:47, 4.79MB/s]
hg38.fa.gz:  77%|#######7  | 760M/984M [02:10<00:41, 5.35MB/s]
hg38.fa.gz:  77%|#######7  | 761M/984M [02:11<00:44, 4.97MB/s]
hg38.fa.gz:  78%|#######7  | 763M/984M [02:11<00:40, 5.47MB/s]
hg38.fa.gz:  78%|#######7  | 764M/984M [02:11<00:43, 5.01MB/s]
hg38.fa.gz:  78%|#######7  | 765M/984M [02:11<00:43, 4.99MB/s]
hg38.fa.gz:  78%|#######7  | 767M/984M [02:11<00:37, 5.71MB/s]
hg38.fa.gz:  78%|#######8  | 768M/984M [02:12<00:42, 5.07MB/s]
hg38.fa.gz:  78%|#######8  | 769M/984M [02:12<00:44, 4.79MB/s]
hg38.fa.gz:  78%|#######8  | 771M/984M [02:12<00:40, 5.32MB/s]
hg38.fa.gz:  78%|#######8  | 772M/984M [02:13<00:41, 5.09MB/s]
hg38.fa.gz:  79%|#######8  | 774M/984M [02:13<00:38, 5.41MB/s]
hg38.fa.gz:  79%|#######8  | 775M/984M [02:13<00:40, 5.11MB/s]
hg38.fa.gz:  79%|#######8  | 776M/984M [02:13<00:40, 5.13MB/s]
hg38.fa.gz:  79%|#######8  | 777M/984M [02:13<00:36, 5.62MB/s]
hg38.fa.gz:  79%|#######9  | 778M/984M [02:14<00:39, 5.14MB/s]
hg38.fa.gz:  79%|#######9  | 779M/984M [02:14<00:40, 5.08MB/s]
hg38.fa.gz:  79%|#######9  | 780M/984M [02:14<00:36, 5.60MB/s]
hg38.fa.gz:  79%|#######9  | 781M/984M [02:14<00:40, 4.99MB/s]
hg38.fa.gz:  80%|#######9  | 782M/984M [02:15<00:39, 5.16MB/s]
hg38.fa.gz:  80%|#######9  | 783M/984M [02:15<00:33, 5.93MB/s]
hg38.fa.gz:  80%|#######9  | 784M/984M [02:15<00:39, 5.02MB/s]
hg38.fa.gz:  80%|#######9  | 785M/984M [02:15<00:38, 5.17MB/s]
hg38.fa.gz:  80%|#######9  | 786M/984M [02:15<00:32, 6.06MB/s]
hg38.fa.gz:  80%|########  | 787M/984M [02:16<00:38, 5.06MB/s]
hg38.fa.gz:  80%|########  | 789M/984M [02:16<00:38, 5.11MB/s]
hg38.fa.gz:  80%|########  | 790M/984M [02:16<00:40, 4.78MB/s]
hg38.fa.gz:  80%|########  | 791M/984M [02:16<00:35, 5.49MB/s]
hg38.fa.gz:  80%|########  | 792M/984M [02:16<00:37, 5.16MB/s]
hg38.fa.gz:  81%|########  | 793M/984M [02:17<00:37, 5.07MB/s]
hg38.fa.gz:  81%|########  | 794M/984M [02:17<00:33, 5.69MB/s]
hg38.fa.gz:  81%|########  | 795M/984M [02:17<00:36, 5.15MB/s]
hg38.fa.gz:  81%|########  | 796M/984M [02:17<00:35, 5.27MB/s]
hg38.fa.gz:  81%|########1 | 797M/984M [02:17<00:32, 5.82MB/s]
hg38.fa.gz:  81%|########1 | 798M/984M [02:18<00:36, 5.12MB/s]
hg38.fa.gz:  81%|########1 | 799M/984M [02:18<00:35, 5.23MB/s]
hg38.fa.gz:  81%|########1 | 800M/984M [02:18<00:30, 5.98MB/s]
hg38.fa.gz:  81%|########1 | 801M/984M [02:18<00:34, 5.22MB/s]
hg38.fa.gz:  82%|########1 | 802M/984M [02:18<00:35, 5.18MB/s]
hg38.fa.gz:  82%|########1 | 803M/984M [02:18<00:30, 5.88MB/s]
hg38.fa.gz:  82%|########1 | 804M/984M [02:19<00:33, 5.38MB/s]
hg38.fa.gz:  82%|########1 | 805M/984M [02:19<00:33, 5.27MB/s]
hg38.fa.gz:  82%|########1 | 806M/984M [02:19<00:28, 6.18MB/s]
hg38.fa.gz:  82%|########2 | 807M/984M [02:19<00:31, 5.67MB/s]
hg38.fa.gz:  82%|########2 | 808M/984M [02:19<00:32, 5.43MB/s]
hg38.fa.gz:  82%|########2 | 810M/984M [02:20<00:28, 6.05MB/s]
hg38.fa.gz:  82%|########2 | 811M/984M [02:20<00:29, 5.82MB/s]
hg38.fa.gz:  83%|########2 | 812M/984M [02:20<00:26, 6.44MB/s]
hg38.fa.gz:  83%|########2 | 813M/984M [02:20<00:30, 5.69MB/s]
hg38.fa.gz:  83%|########2 | 814M/984M [02:20<00:30, 5.62MB/s]
hg38.fa.gz:  83%|########2 | 815M/984M [02:20<00:26, 6.38MB/s]
hg38.fa.gz:  83%|########2 | 816M/984M [02:21<00:27, 6.05MB/s]
hg38.fa.gz:  83%|########3 | 817M/984M [02:21<00:25, 6.53MB/s]
hg38.fa.gz:  83%|########3 | 818M/984M [02:21<00:28, 5.90MB/s]
hg38.fa.gz:  83%|########3 | 819M/984M [02:21<00:28, 5.77MB/s]
hg38.fa.gz:  83%|########3 | 821M/984M [02:21<00:25, 6.30MB/s]
hg38.fa.gz:  84%|########3 | 822M/984M [02:22<00:24, 6.56MB/s]
hg38.fa.gz:  84%|########3 | 823M/984M [02:22<00:25, 6.32MB/s]
hg38.fa.gz:  84%|########3 | 824M/984M [02:22<00:22, 6.98MB/s]
hg38.fa.gz:  84%|########3 | 825M/984M [02:22<00:25, 6.17MB/s]
hg38.fa.gz:  84%|########4 | 826M/984M [02:22<00:24, 6.30MB/s]
hg38.fa.gz:  84%|########4 | 827M/984M [02:22<00:24, 6.27MB/s]
hg38.fa.gz:  84%|########4 | 828M/984M [02:23<00:23, 6.54MB/s]
hg38.fa.gz:  84%|########4 | 829M/984M [02:23<00:22, 6.78MB/s]
hg38.fa.gz:  84%|########4 | 830M/984M [02:23<00:22, 6.92MB/s]
hg38.fa.gz:  85%|########4 | 832M/984M [02:23<00:21, 7.08MB/s]
hg38.fa.gz:  85%|########4 | 833M/984M [02:23<00:21, 7.14MB/s]
hg38.fa.gz:  85%|########4 | 834M/984M [02:23<00:20, 7.23MB/s]
hg38.fa.gz:  85%|########4 | 835M/984M [02:23<00:20, 7.26MB/s]
hg38.fa.gz:  85%|########4 | 836M/984M [02:24<00:20, 7.29MB/s]
hg38.fa.gz:  85%|########5 | 837M/984M [02:24<00:19, 7.41MB/s]
hg38.fa.gz:  85%|########5 | 838M/984M [02:24<00:19, 7.66MB/s]
hg38.fa.gz:  85%|########5 | 839M/984M [02:24<00:18, 7.81MB/s]
hg38.fa.gz:  85%|########5 | 840M/984M [02:24<00:19, 7.52MB/s]
hg38.fa.gz:  86%|########5 | 842M/984M [02:24<00:16, 8.66MB/s]
hg38.fa.gz:  86%|########5 | 843M/984M [02:24<00:16, 8.62MB/s]
hg38.fa.gz:  86%|########5 | 844M/984M [02:25<00:17, 7.97MB/s]
hg38.fa.gz:  86%|########5 | 845M/984M [02:25<00:16, 8.27MB/s]
hg38.fa.gz:  86%|########6 | 846M/984M [02:25<00:16, 8.22MB/s]
hg38.fa.gz:  86%|########6 | 847M/984M [02:25<00:16, 8.15MB/s]
hg38.fa.gz:  86%|########6 | 848M/984M [02:25<00:15, 8.46MB/s]
hg38.fa.gz:  86%|########6 | 849M/984M [02:25<00:15, 8.62MB/s]
hg38.fa.gz:  87%|########6 | 851M/984M [02:25<00:14, 9.07MB/s]
hg38.fa.gz:  87%|########6 | 852M/984M [02:25<00:15, 8.65MB/s]
hg38.fa.gz:  87%|########6 | 854M/984M [02:26<00:14, 8.98MB/s]
hg38.fa.gz:  87%|########6 | 855M/984M [02:26<00:14, 9.12MB/s]
hg38.fa.gz:  87%|########7 | 857M/984M [02:26<00:14, 8.78MB/s]
hg38.fa.gz:  87%|########7 | 858M/984M [02:26<00:13, 9.10MB/s]
hg38.fa.gz:  87%|########7 | 860M/984M [02:26<00:12, 9.70MB/s]
hg38.fa.gz:  88%|########7 | 861M/984M [02:26<00:13, 9.21MB/s]
hg38.fa.gz:  88%|########7 | 863M/984M [02:27<00:12, 9.85MB/s]
hg38.fa.gz:  88%|########7 | 864M/984M [02:27<00:12, 9.96MB/s]
hg38.fa.gz:  88%|########7 | 865M/984M [02:27<00:24, 4.90MB/s]
hg38.fa.gz:  88%|########8 | 867M/984M [02:28<00:21, 5.47MB/s]
hg38.fa.gz:  88%|########8 | 870M/984M [02:28<00:25, 4.51MB/s]
hg38.fa.gz:  89%|########8 | 873M/984M [02:29<00:18, 5.86MB/s]
hg38.fa.gz:  89%|########8 | 875M/984M [02:29<00:25, 4.33MB/s]
hg38.fa.gz:  89%|########9 | 878M/984M [02:30<00:18, 5.74MB/s]
hg38.fa.gz:  89%|########9 | 879M/984M [02:30<00:19, 5.29MB/s]
hg38.fa.gz:  89%|########9 | 880M/984M [02:30<00:21, 4.89MB/s]
hg38.fa.gz:  90%|########9 | 881M/984M [02:30<00:22, 4.60MB/s]
hg38.fa.gz:  90%|########9 | 882M/984M [02:31<00:22, 4.44MB/s]
hg38.fa.gz:  90%|########9 | 884M/984M [02:31<00:19, 5.00MB/s]
hg38.fa.gz:  90%|########9 | 885M/984M [02:31<00:20, 4.74MB/s]
hg38.fa.gz:  90%|######### | 886M/984M [02:32<00:21, 4.45MB/s]
hg38.fa.gz:  90%|######### | 887M/984M [02:32<00:22, 4.39MB/s]
hg38.fa.gz:  90%|######### | 889M/984M [02:32<00:19, 4.95MB/s]
hg38.fa.gz:  91%|######### | 890M/984M [02:32<00:20, 4.65MB/s]
hg38.fa.gz:  91%|######### | 891M/984M [02:33<00:20, 4.57MB/s]
hg38.fa.gz:  91%|######### | 892M/984M [02:33<00:20, 4.42MB/s]
hg38.fa.gz:  91%|######### | 894M/984M [02:33<00:17, 4.97MB/s]
hg38.fa.gz:  91%|#########1| 895M/984M [02:34<00:18, 4.85MB/s]
hg38.fa.gz:  91%|#########1| 897M/984M [02:34<00:18, 4.61MB/s]
hg38.fa.gz:  91%|#########1| 899M/984M [02:34<00:16, 5.00MB/s]
hg38.fa.gz:  91%|#########1| 900M/984M [02:34<00:17, 4.90MB/s]
hg38.fa.gz:  92%|#########1| 901M/984M [02:35<00:17, 4.63MB/s]
hg38.fa.gz:  92%|#########1| 903M/984M [02:35<00:15, 5.10MB/s]
hg38.fa.gz:  92%|#########1| 904M/984M [02:35<00:15, 5.02MB/s]
hg38.fa.gz:  92%|#########1| 905M/984M [02:35<00:16, 4.65MB/s]
hg38.fa.gz:  92%|#########2| 906M/984M [02:36<00:14, 5.30MB/s]
hg38.fa.gz:  92%|#########2| 907M/984M [02:36<00:15, 5.04MB/s]
hg38.fa.gz:  92%|#########2| 908M/984M [02:36<00:15, 4.90MB/s]
hg38.fa.gz:  92%|#########2| 909M/984M [02:36<00:16, 4.64MB/s]
hg38.fa.gz:  93%|#########2| 910M/984M [02:36<00:13, 5.36MB/s]
hg38.fa.gz:  93%|#########2| 911M/984M [02:37<00:14, 5.00MB/s]
hg38.fa.gz:  93%|#########2| 912M/984M [02:37<00:15, 4.64MB/s]
hg38.fa.gz:  93%|#########2| 914M/984M [02:37<00:13, 5.25MB/s]
hg38.fa.gz:  93%|#########3| 915M/984M [02:38<00:13, 4.90MB/s]
hg38.fa.gz:  93%|#########3| 916M/984M [02:38<00:14, 4.62MB/s]
hg38.fa.gz:  93%|#########3| 919M/984M [02:38<00:12, 5.26MB/s]
hg38.fa.gz:  93%|#########3| 920M/984M [02:38<00:12, 4.95MB/s]
hg38.fa.gz:  94%|#########3| 921M/984M [02:39<00:13, 4.64MB/s]
hg38.fa.gz:  94%|#########3| 923M/984M [02:39<00:11, 5.27MB/s]
hg38.fa.gz:  94%|#########3| 924M/984M [02:39<00:12, 4.93MB/s]
hg38.fa.gz:  94%|#########4| 925M/984M [02:39<00:12, 4.70MB/s]
hg38.fa.gz:  94%|#########4| 927M/984M [02:40<00:10, 5.30MB/s]
hg38.fa.gz:  94%|#########4| 928M/984M [02:40<00:11, 4.94MB/s]
hg38.fa.gz:  94%|#########4| 929M/984M [02:40<00:11, 4.86MB/s]
hg38.fa.gz:  95%|#########4| 930M/984M [02:40<00:09, 5.61MB/s]
hg38.fa.gz:  95%|#########4| 931M/984M [02:41<00:10, 5.17MB/s]
hg38.fa.gz:  95%|#########4| 932M/984M [02:41<00:10, 4.75MB/s]
hg38.fa.gz:  95%|#########4| 933M/984M [02:41<00:10, 4.86MB/s]
hg38.fa.gz:  95%|#########4| 934M/984M [02:41<00:08, 5.70MB/s]
hg38.fa.gz:  95%|#########5| 935M/984M [02:41<00:09, 5.06MB/s]
hg38.fa.gz:  95%|#########5| 936M/984M [02:42<00:09, 4.80MB/s]
hg38.fa.gz:  95%|#########5| 938M/984M [02:42<00:08, 5.37MB/s]
hg38.fa.gz:  96%|#########5| 940M/984M [02:42<00:09, 4.89MB/s]
hg38.fa.gz:  96%|#########5| 942M/984M [02:43<00:07, 5.56MB/s]
hg38.fa.gz:  96%|#########5| 943M/984M [02:43<00:08, 5.06MB/s]
hg38.fa.gz:  96%|#########5| 944M/984M [02:43<00:07, 5.17MB/s]
hg38.fa.gz:  96%|#########6| 945M/984M [02:43<00:06, 5.76MB/s]
hg38.fa.gz:  96%|#########6| 946M/984M [02:43<00:07, 5.11MB/s]
hg38.fa.gz:  96%|#########6| 947M/984M [02:44<00:07, 5.17MB/s]
hg38.fa.gz:  96%|#########6| 948M/984M [02:44<00:06, 5.81MB/s]
hg38.fa.gz:  96%|#########6| 949M/984M [02:44<00:06, 5.14MB/s]
hg38.fa.gz:  97%|#########6| 950M/984M [02:44<00:06, 5.41MB/s]
hg38.fa.gz:  97%|#########6| 951M/984M [02:44<00:05, 6.05MB/s]
hg38.fa.gz:  97%|#########6| 952M/984M [02:45<00:06, 5.16MB/s]
hg38.fa.gz:  97%|#########7| 954M/984M [02:45<00:05, 5.84MB/s]
hg38.fa.gz:  97%|#########7| 955M/984M [02:45<00:05, 5.22MB/s]
hg38.fa.gz:  97%|#########7| 957M/984M [02:46<00:04, 5.76MB/s]
hg38.fa.gz:  98%|#########7| 959M/984M [02:46<00:03, 6.23MB/s]
hg38.fa.gz:  98%|#########7| 960M/984M [02:46<00:03, 6.18MB/s]
hg38.fa.gz:  98%|#########7| 962M/984M [02:46<00:03, 6.66MB/s]
hg38.fa.gz:  98%|#########7| 963M/984M [02:46<00:03, 5.65MB/s]
hg38.fa.gz:  98%|#########8| 965M/984M [02:47<00:03, 6.08MB/s]
hg38.fa.gz:  98%|#########8| 967M/984M [02:47<00:02, 6.36MB/s]
hg38.fa.gz:  98%|#########8| 969M/984M [02:47<00:02, 6.69MB/s]
hg38.fa.gz:  99%|#########8| 971M/984M [02:48<00:01, 6.88MB/s]
hg38.fa.gz:  99%|#########8| 972M/984M [02:48<00:01, 7.06MB/s]
hg38.fa.gz:  99%|#########8| 973M/984M [02:48<00:01, 7.02MB/s]
hg38.fa.gz:  99%|#########9| 975M/984M [02:48<00:01, 7.19MB/s]
hg38.fa.gz:  99%|#########9| 977M/984M [02:48<00:00, 7.26MB/s]
hg38.fa.gz: 100%|#########9| 979M/984M [02:49<00:00, 7.41MB/s]
hg38.fa.gz: 100%|#########9| 981M/984M [02:49<00:00, 7.90MB/s]
hg38.fa.gz: 100%|#########9| 984M/984M [02:49<00:00, 8.38MB/s]
hg38.fa.gz: 100%|##########| 984M/984M [02:49<00:00, 5.80MB/s]
[MINTS 01:03:47] Completed step: download_grch38 in 235.137s
[MINTS 01:03:47] Starting step: prepare_ctcf_sequences
[MINTS 01:03:47] Preparing CTCF peak sequence table
[MINTS 01:04:03] Completed step: prepare_ctcf_sequences in 16.092s
[MINTS 01:04:03] Starting step: circuit_extraction_and_residual_probing
[MINTS 01:04:03] Loading model: zhihan1996/DNABERT-2-117M
C:\Users\USER\.cache\huggingface\modules\transformers_modules\zhihan1996\DNABERT_hyphen_2_hyphen_117M\7bce263b15377fc15361f52cfab88f8b586abda0\bert_layers.py:126: UserWarning: Unable to import Triton; defaulting MosaicBERT attention implementation to pytorch (this will reduce throughput when using this model).
  warnings.warn(

Loading weights:   0%|          | 0/136 [00:00<?, ?it/s]
Loading weights: 100%|##########| 136/136 [00:00<00:00, 16475.33it/s]
[transformers] BertModel LOAD REPORT from: zhihan1996/DNABERT-2-117M
Key                                        | Status     | 
-------------------------------------------+------------+-
cls.predictions.transform.dense.weight     | UNEXPECTED | 
cls.predictions.transform.LayerNorm.weight | UNEXPECTED | 
cls.predictions.transform.LayerNorm.bias   | UNEXPECTED | 
cls.predictions.decoder.bias               | UNEXPECTED | 
cls.predictions.transform.dense.bias       | UNEXPECTED | 
cls.predictions.decoder.weight             | UNEXPECTED | 
pooler.dense.weight                        | MISSING    | 
pooler.dense.bias                          | MISSING    | 

Notes:
- UNEXPECTED:	can be ignored when loading from different task/architecture; not ok if you expect identical arch.
- MISSING:	those params were newly initialized because missing from the checkpoint. Consider training on your downstream task.
[MINTS 01:04:08] Failed step: circuit_extraction_and_residual_probing
[MINTS 01:04:08] Writing failed run manifest to G:\mints-repro-20261004\run\results\pipeline_run.json
Traceback (most recent call last):
  File "C:\Users\USER\Desktop\code\MINTS\src\modeling.py", line 429, in _select_hooked_encoder_class
    from transformer_lens import HookedEncoder
ImportError: cannot import name 'HookedEncoder' from 'transformer_lens' (G:\mints-repro-20261004\venv\Lib\site-packages\transformer_lens\__init__.py)

The above exception was the direct cause of the following exception:

Traceback (most recent call last):
  File "C:\Users\USER\Desktop\code\MINTS\tools\review_full_pipeline.py", line 42, in <module>
    run_pipeline(config,from_step=args.from_step)
    ~~~~~~~~~~~~^^^^^^^^^^^^^^^^^^^^^^^^^^^^^^^^^
  File "C:\Users\USER\Desktop\code\MINTS\src\reproduce.py", line 611, in run_pipeline
    steps.append(_run_step(step_name, step_functions[step_name]))
                 ~~~~~~~~~^^^^^^^^^^^^^^^^^^^^^^^^^^^^^^^^^^^^^^
  File "C:\Users\USER\Desktop\code\MINTS\src\reproduce.py", line 57, in _run_step
    details = func()
  File "C:\Users\USER\Desktop\code\MINTS\src\reproduce.py", line 598, in <lambda>
    "circuit_extraction_and_residual_probing": lambda: _run_circuit_and_probe_exports(config),
                                                       ~~~~~~~~~~~~~~~~~~~~~~~~~~~~~~^^^^^^^^
  File "C:\Users\USER\Desktop\code\MINTS\src\reproduce.py", line 95, in _run_circuit_and_probe_exports
    bundle = load_hooked_encoder(config.model)
  File "C:\Users\USER\Desktop\code\MINTS\src\modeling.py", line 467, in load_hooked_encoder
    hooked_encoder_cls = _select_hooked_encoder_class()
  File "C:\Users\USER\Desktop\code\MINTS\src\modeling.py", line 431, in _select_hooked_encoder_class
    raise ImportError(
    ...<2 lines>...
    ) from exc
ImportError: TransformerLens is not installed. Install `transformer-lens` from requirements.txt before running model wrapping.
